MODE=delta3  extra_env=(none)

======================================================================
delta3 :: osnet_ain_x1_0  (yolo26n.pt + bytetrack)
======================================================================
GT frames: 239 (259 box)  |  Pred frames: 1569  |  Frame matched: 174  |  GT frame tanpa prediksi: 65
Box GT tercocokkan ke prediksi (IoU >= 0.3): 189/259

=== Per identitas sistem (person_pred) ===
  'Unknown #1'                   -> GT person ['10', '11']  <-- FALSE MERGE
  'Unknown #10'                  -> GT person ['9']
  'Unknown #11'                  -> GT person ['7']
  'Unknown #12'                  -> GT person ['10']
  'Unknown #3'                   -> GT person ['2']
  'Unknown #4'                   -> GT person ['1']
  'Unknown #5'                   -> GT person ['3', '6']  <-- FALSE MERGE
  'Unknown #6'                   -> GT person ['4']
  'Unknown #7'                   -> GT person ['8']
  'Unknown #8'                   -> GT person ['5']
  'Unknown #9'                   -> GT person ['5']

=== Per orang ground truth (person) ===
  person 1 -> identitas sistem ['Unknown #4']
  person 10 -> identitas sistem ['Unknown #1', 'Unknown #12']  <-- FALSE SPLIT
  person 11 -> identitas sistem ['Unknown #1']
  person 2 -> identitas sistem ['Unknown #3']
  person 3 -> identitas sistem ['Unknown #5']
  person 4 -> identitas sistem ['Unknown #6']
  person 5 -> identitas sistem ['Unknown #8', 'Unknown #9']  <-- FALSE SPLIT
  person 6 -> identitas sistem ['Unknown #5']
  person 7 -> identitas sistem ['Unknown #11']
  person 8 -> identitas sistem ['Unknown #7']
  person 9 -> identitas sistem ['Unknown #10']

=== Ringkasan (per identitas) ===
  11 identitas sistem dihasilkan untuk 11 orang GT
  False merge : 2 identitas sistem mencakup >1 orang GT
  False split : 2 orang GT terpecah jadi >1 identitas sistem
  Akurasi     : 6/11 orang GT dapet identitas tunggal & bersih (54.5%)

=== Pairwise Precision/Recall/F1 (per pasangan kemunculan) ===
  TP=1879  FP=350  FN=76
  Precision=0.843  Recall=0.961  F1=0.898


======================================================================
delta3 :: transreid  (yolo26n.pt + bytetrack)
======================================================================
GT frames: 239 (259 box)  |  Pred frames: 1446  |  Frame matched: 169  |  GT frame tanpa prediksi: 70
Box GT tercocokkan ke prediksi (IoU >= 0.3): 184/259

=== Per identitas sistem (person_pred) ===
  'Unknown #1'                   -> GT person ['11']
  'Unknown #11'                  -> GT person ['5']
  'Unknown #12'                  -> GT person ['6']
  'Unknown #13'                  -> GT person ['9']
  'Unknown #14'                  -> GT person ['8']
  'Unknown #15'                  -> GT person ['6']
  'Unknown #16'                  -> GT person ['7']
  'Unknown #17'                  -> GT person ['10']
  'Unknown #18'                  -> GT person ['10']
  'Unknown #19'                  -> GT person ['10']
  'Unknown #2'                   -> GT person ['2']
  'Unknown #3'                   -> GT person ['1']
  'Unknown #4'                   -> GT person ['3']
  'Unknown #5'                   -> GT person ['2']
  'Unknown #6'                   -> GT person ['3']
  'Unknown #7'                   -> GT person ['4']
  'Unknown #8'                   -> GT person ['8']
  'Unknown #9'                   -> GT person ['5']

=== Per orang ground truth (person) ===
  person 1 -> identitas sistem ['Unknown #3']
  person 10 -> identitas sistem ['Unknown #17', 'Unknown #18', 'Unknown #19']  <-- FALSE SPLIT
  person 11 -> identitas sistem ['Unknown #1']
  person 2 -> identitas sistem ['Unknown #2', 'Unknown #5']  <-- FALSE SPLIT
  person 3 -> identitas sistem ['Unknown #4', 'Unknown #6']  <-- FALSE SPLIT
  person 4 -> identitas sistem ['Unknown #7']
  person 5 -> identitas sistem ['Unknown #11', 'Unknown #9']  <-- FALSE SPLIT
  person 6 -> identitas sistem ['Unknown #12', 'Unknown #15']  <-- FALSE SPLIT
  person 7 -> identitas sistem ['Unknown #16']
  person 8 -> identitas sistem ['Unknown #14', 'Unknown #8']  <-- FALSE SPLIT
  person 9 -> identitas sistem ['Unknown #13']

=== Ringkasan (per identitas) ===
  18 identitas sistem dihasilkan untuk 11 orang GT
  False merge : 0 identitas sistem mencakup >1 orang GT
  False split : 6 orang GT terpecah jadi >1 identitas sistem
  Akurasi     : 5/11 orang GT dapet identitas tunggal & bersih (45.5%)

=== Pairwise Precision/Recall/F1 (per pasangan kemunculan) ===
  TP=1698  FP=0  FN=217
  Precision=1.000  Recall=0.887  F1=0.940


======================================================================
RINGKASAN  (MODE=delta3)
======================================================================
metrik        osnet_ain_x1_0        transreid             
cakupan       189/259               184/259               
identitas     11/11                 18/11                 
precision     0.843                 1.000                 
recall        0.961                 0.887                 
f1            0.898                 0.940                 
akurasi       6/11 (54.5%)          5/11 (45.5%)          
false_merge   2                     0                     
false_split   2                     6                     
fps           7.63                  7.56                  
cpu_peak      40%                   42%                   
total_ai_ms   53.3                  53.3                  

Detail: predictions_runs_current/eval_delta3_*.txt
