
======================================================================
osnet_ain_x1_0  (yolo26n.pt + bytetrack)
======================================================================
GT frames: 239 (259 box)  |  Pred frames: 1518  |  Frame matched: 163  |  GT frame tanpa prediksi: 76
Box GT tercocokkan ke prediksi (IoU >= 0.3): 178/259

=== Per identitas sistem (person_pred) ===
  'Unknown #1'                   -> GT person ['11']
  'Unknown #10'                  -> GT person ['7']
  'Unknown #11'                  -> GT person ['10']
  'Unknown #12'                  -> GT person ['10']
  'Unknown #2'                   -> GT person ['1']
  'Unknown #3'                   -> GT person ['2']
  'Unknown #4'                   -> GT person ['3', '4', '5', '6']  <-- FALSE MERGE
  'Unknown #5'                   -> GT person ['4']
  'Unknown #6'                   -> GT person ['8']
  'Unknown #7'                   -> GT person ['8']
  'Unknown #8'                   -> GT person ['5']
  'Unknown #9'                   -> GT person ['9']

=== Per orang ground truth (person) ===
  person 1 -> identitas sistem ['Unknown #2']
  person 10 -> identitas sistem ['Unknown #11', 'Unknown #12']  <-- FALSE SPLIT
  person 11 -> identitas sistem ['Unknown #1']
  person 2 -> identitas sistem ['Unknown #3']
  person 3 -> identitas sistem ['Unknown #4']
  person 4 -> identitas sistem ['Unknown #4', 'Unknown #5']  <-- FALSE SPLIT
  person 5 -> identitas sistem ['Unknown #4', 'Unknown #8']  <-- FALSE SPLIT
  person 6 -> identitas sistem ['Unknown #4']
  person 7 -> identitas sistem ['Unknown #10']
  person 8 -> identitas sistem ['Unknown #6', 'Unknown #7']  <-- FALSE SPLIT
  person 9 -> identitas sistem ['Unknown #9']

=== Ringkasan (per identitas) ===
  12 identitas sistem dihasilkan untuk 11 orang GT
  False merge : 1 identitas sistem mencakup >1 orang GT
  False split : 4 orang GT terpecah jadi >1 identitas sistem
  Akurasi     : 5/11 orang GT dapet identitas tunggal & bersih (45.5%)

=== Pairwise Precision/Recall/F1 (per pasangan kemunculan) ===
  TP=1674  FP=173  FN=93
  Precision=0.906  Recall=0.947  F1=0.926


======================================================================
transreid  (yolo26n.pt + bytetrack)
======================================================================
GT frames: 239 (259 box)  |  Pred frames: 1466  |  Frame matched: 162  |  GT frame tanpa prediksi: 77
Box GT tercocokkan ke prediksi (IoU >= 0.3): 177/259

=== Per identitas sistem (person_pred) ===
  'Unknown #1'                   -> GT person ['11']
  'Unknown #10'                  -> GT person ['4', '5', '6']  <-- FALSE MERGE
  'Unknown #11'                  -> GT person ['9']
  'Unknown #12'                  -> GT person ['9']
  'Unknown #13'                  -> GT person ['6']
  'Unknown #14'                  -> GT person ['7']
  'Unknown #15'                  -> GT person ['10']
  'Unknown #16'                  -> GT person ['10']
  'Unknown #2'                   -> GT person ['1', '10']  <-- FALSE MERGE
  'Unknown #3'                   -> GT person ['2']
  'Unknown #4'                   -> GT person ['3', '4']  <-- FALSE MERGE
  'Unknown #5'                   -> GT person ['3']
  'Unknown #6'                   -> GT person ['4']
  'Unknown #7'                   -> GT person ['8']
  'Unknown #8'                   -> GT person ['8']
  'Unknown #9'                   -> GT person ['5']

=== Per orang ground truth (person) ===
  person 1 -> identitas sistem ['Unknown #2']
  person 10 -> identitas sistem ['Unknown #15', 'Unknown #16', 'Unknown #2']  <-- FALSE SPLIT
  person 11 -> identitas sistem ['Unknown #1']
  person 2 -> identitas sistem ['Unknown #3']
  person 3 -> identitas sistem ['Unknown #4', 'Unknown #5']  <-- FALSE SPLIT
  person 4 -> identitas sistem ['Unknown #10', 'Unknown #4', 'Unknown #6']  <-- FALSE SPLIT
  person 5 -> identitas sistem ['Unknown #10', 'Unknown #9']  <-- FALSE SPLIT
  person 6 -> identitas sistem ['Unknown #10', 'Unknown #13']  <-- FALSE SPLIT
  person 7 -> identitas sistem ['Unknown #14']
  person 8 -> identitas sistem ['Unknown #7', 'Unknown #8']  <-- FALSE SPLIT
  person 9 -> identitas sistem ['Unknown #11', 'Unknown #12']  <-- FALSE SPLIT

=== Ringkasan (per identitas) ===
  16 identitas sistem dihasilkan untuk 11 orang GT
  False merge : 3 identitas sistem mencakup >1 orang GT
  False split : 7 orang GT terpecah jadi >1 identitas sistem
  Akurasi     : 3/11 orang GT dapet identitas tunggal & bersih (27.3%)

=== Pairwise Precision/Recall/F1 (per pasangan kemunculan) ===
  TP=1577  FP=133  FN=179
  Precision=0.922  Recall=0.898  F1=0.910


======================================================================
RINGKASAN (config sekarang)
======================================================================
metrik        osnet_ain_x1_0        transreid             
cakupan       178/259               177/259               
identitas     12/11                 16/11                 
precision     0.906                 0.922                 
recall        0.947                 0.898                 
f1            0.926                 0.910                 
akurasi       5/11 (45.5%)          3/11 (27.3%)          
false_merge   1                     3                     
false_split   4                     7                     
fps           7.88                  7.79                  
reid_ms       4.5                   4.5                   
total_ai_ms   172.3                 172.3                 

Detail per model: predictions_runs_current/eval_*.txt
predictions CSV : predictions_runs_current/predictions/
