MODE=verify  extra_env=(none)

======================================================================
verify :: osnet_ain_x1_0  (yolo26n.pt + bytetrack)
======================================================================
GT frames: 239 (259 box)  |  Pred frames: 1572  |  Frame matched: 175  |  GT frame tanpa prediksi: 64
Box GT tercocokkan ke prediksi (IoU >= 0.3): 190/259

=== Per identitas sistem (person_pred) ===
  'Unknown #1'                   -> GT person ['11']
  'Unknown #10'                  -> GT person ['9']
  'Unknown #11'                  -> GT person ['7']
  'Unknown #12'                  -> GT person ['10']
  'Unknown #13'                  -> GT person ['10']
  'Unknown #3'                   -> GT person ['2']
  'Unknown #4'                   -> GT person ['1']
  'Unknown #5'                   -> GT person ['3', '6']  <-- FALSE MERGE
  'Unknown #6'                   -> GT person ['4']
  'Unknown #7'                   -> GT person ['8']
  'Unknown #8'                   -> GT person ['5']
  'Unknown #9'                   -> GT person ['5']

=== Per orang ground truth (person) ===
  person 1 -> identitas sistem ['Unknown #4']
  person 10 -> identitas sistem ['Unknown #12', 'Unknown #13']  <-- FALSE SPLIT
  person 11 -> identitas sistem ['Unknown #1']
  person 2 -> identitas sistem ['Unknown #3']
  person 3 -> identitas sistem ['Unknown #5']
  person 4 -> identitas sistem ['Unknown #6']
  person 5 -> identitas sistem ['Unknown #8', 'Unknown #9']  <-- FALSE SPLIT
  person 6 -> identitas sistem ['Unknown #5']
  person 7 -> identitas sistem ['Unknown #11']
  person 8 -> identitas sistem ['Unknown #7']
  person 9 -> identitas sistem ['Unknown #10']

=== Ringkasan (per identitas) ===
  12 identitas sistem dihasilkan untuk 11 orang GT
  False merge : 1 identitas sistem mencakup >1 orang GT
  False split : 2 orang GT terpecah jadi >1 identitas sistem
  Akurasi     : 7/11 orang GT dapet identitas tunggal & bersih (63.6%)

=== Pairwise Precision/Recall/F1 (per pasangan kemunculan) ===
  TP=1894  FP=112  FN=76
  Precision=0.944  Recall=0.961  F1=0.953


======================================================================
verify :: transreid  (yolo26n.pt + bytetrack)
======================================================================
GT frames: 239 (259 box)  |  Pred frames: 1443  |  Frame matched: 170  |  GT frame tanpa prediksi: 69
Box GT tercocokkan ke prediksi (IoU >= 0.3): 185/259

=== Per identitas sistem (person_pred) ===
  'Unknown #1'                   -> GT person ['11']
  'Unknown #10'                  -> GT person ['6']
  'Unknown #11'                  -> GT person ['9']
  'Unknown #12'                  -> GT person ['8']
  'Unknown #13'                  -> GT person ['6']
  'Unknown #14'                  -> GT person ['7']
  'Unknown #15'                  -> GT person ['10']
  'Unknown #16'                  -> GT person ['10']
  'Unknown #17'                  -> GT person ['10']
  'Unknown #2'                   -> GT person ['2']
  'Unknown #3'                   -> GT person ['1']
  'Unknown #4'                   -> GT person ['3', '6']  <-- FALSE MERGE
  'Unknown #5'                   -> GT person ['3']
  'Unknown #6'                   -> GT person ['4']
  'Unknown #7'                   -> GT person ['8']
  'Unknown #8'                   -> GT person ['5']
  'Unknown #9'                   -> GT person ['5']

=== Per orang ground truth (person) ===
  person 1 -> identitas sistem ['Unknown #3']
  person 10 -> identitas sistem ['Unknown #15', 'Unknown #16', 'Unknown #17']  <-- FALSE SPLIT
  person 11 -> identitas sistem ['Unknown #1']
  person 2 -> identitas sistem ['Unknown #2']
  person 3 -> identitas sistem ['Unknown #4', 'Unknown #5']  <-- FALSE SPLIT
  person 4 -> identitas sistem ['Unknown #6']
  person 5 -> identitas sistem ['Unknown #8', 'Unknown #9']  <-- FALSE SPLIT
  person 6 -> identitas sistem ['Unknown #10', 'Unknown #13', 'Unknown #4']  <-- FALSE SPLIT
  person 7 -> identitas sistem ['Unknown #14']
  person 8 -> identitas sistem ['Unknown #12', 'Unknown #7']  <-- FALSE SPLIT
  person 9 -> identitas sistem ['Unknown #11']

=== Ringkasan (per identitas) ===
  17 identitas sistem dihasilkan untuk 11 orang GT
  False merge : 1 identitas sistem mencakup >1 orang GT
  False split : 5 orang GT terpecah jadi >1 identitas sistem
  Akurasi     : 6/11 orang GT dapet identitas tunggal & bersih (54.5%)

=== Pairwise Precision/Recall/F1 (per pasangan kemunculan) ===
  TP=1756  FP=6  FN=174
  Precision=0.997  Recall=0.910  F1=0.951


======================================================================
RINGKASAN  (MODE=verify)
======================================================================
metrik        osnet_ain_x1_0        transreid             
cakupan       190/259               185/259               
identitas     12/11                 17/11                 
precision     0.944                 0.997                 
recall        0.961                 0.910                 
f1            0.953                 0.951                 
akurasi       7/11 (63.6%)          6/11 (54.5%)          
false_merge   1                     1                     
false_split   2                     5                     
fps           7.61                  7.55                  
cpu_peak      31%                   35%                   
total_ai_ms   53.3                  53.3                  

Detail: predictions_runs_current/eval_verify_*.txt
