=== STRICT ===
MODE=strict  extra_env={'MIN_MARGIN': '0.05', 'CONCURRENT_FRAGMENT_MIN_SIM': '0.7'}

======================================================================
strict :: osnet_ain_x1_0  (yolo26n.pt + bytetrack)
======================================================================
GT frames: 239 (259 box)  |  Pred frames: 1518  |  Frame matched: 163  |  GT frame tanpa prediksi: 76
Box GT tercocokkan ke prediksi (IoU >= 0.3): 178/259

=== Per identitas sistem (person_pred) ===
  'Unknown #1'                   -> GT person ['11']
  'Unknown #10'                  -> GT person ['9']
  'Unknown #11'                  -> GT person ['7']
  'Unknown #12'                  -> GT person ['10']
  'Unknown #13'                  -> GT person ['10']
  'Unknown #2'                   -> GT person ['1']
  'Unknown #4'                   -> GT person ['2']
  'Unknown #5'                   -> GT person ['3', '4', '5', '6']  <-- FALSE MERGE
  'Unknown #6'                   -> GT person ['4']
  'Unknown #7'                   -> GT person ['8']
  'Unknown #8'                   -> GT person ['8']
  'Unknown #9'                   -> GT person ['5']

=== Per orang ground truth (person) ===
  person 1 -> identitas sistem ['Unknown #2']
  person 10 -> identitas sistem ['Unknown #12', 'Unknown #13']  <-- FALSE SPLIT
  person 11 -> identitas sistem ['Unknown #1']
  person 2 -> identitas sistem ['Unknown #4']
  person 3 -> identitas sistem ['Unknown #5']
  person 4 -> identitas sistem ['Unknown #5', 'Unknown #6']  <-- FALSE SPLIT
  person 5 -> identitas sistem ['Unknown #5', 'Unknown #9']  <-- FALSE SPLIT
  person 6 -> identitas sistem ['Unknown #5']
  person 7 -> identitas sistem ['Unknown #11']
  person 8 -> identitas sistem ['Unknown #7', 'Unknown #8']  <-- FALSE SPLIT
  person 9 -> identitas sistem ['Unknown #10']

=== Ringkasan (per identitas) ===
  12 identitas sistem dihasilkan untuk 11 orang GT
  False merge : 1 identitas sistem mencakup >1 orang GT
  False split : 4 orang GT terpecah jadi >1 identitas sistem
  Akurasi     : 5/11 orang GT dapet identitas tunggal & bersih (45.5%)

=== Pairwise Precision/Recall/F1 (per pasangan kemunculan) ===
  TP=1674  FP=173  FN=93
  Precision=0.906  Recall=0.947  F1=0.926


======================================================================
strict :: transreid  (yolo26n.pt + bytetrack)
======================================================================
GT frames: 239 (259 box)  |  Pred frames: 1475  |  Frame matched: 162  |  GT frame tanpa prediksi: 77
Box GT tercocokkan ke prediksi (IoU >= 0.3): 177/259

=== Per identitas sistem (person_pred) ===
  'Unknown #1'                   -> GT person ['11']
  'Unknown #10'                  -> GT person ['5']
  'Unknown #11'                  -> GT person ['4', '5', '6']  <-- FALSE MERGE
  'Unknown #12'                  -> GT person ['9']
  'Unknown #13'                  -> GT person ['9']
  'Unknown #14'                  -> GT person ['6']
  'Unknown #15'                  -> GT person ['7']
  'Unknown #16'                  -> GT person ['10']
  'Unknown #17'                  -> GT person ['10']
  'Unknown #18'                  -> GT person ['10']
  'Unknown #2'                   -> GT person ['1']
  'Unknown #4'                   -> GT person ['2']
  'Unknown #5'                   -> GT person ['3', '4']  <-- FALSE MERGE
  'Unknown #6'                   -> GT person ['3']
  'Unknown #7'                   -> GT person ['4']
  'Unknown #8'                   -> GT person ['8']
  'Unknown #9'                   -> GT person ['8']

=== Per orang ground truth (person) ===
  person 1 -> identitas sistem ['Unknown #2']
  person 10 -> identitas sistem ['Unknown #16', 'Unknown #17', 'Unknown #18']  <-- FALSE SPLIT
  person 11 -> identitas sistem ['Unknown #1']
  person 2 -> identitas sistem ['Unknown #4']
  person 3 -> identitas sistem ['Unknown #5', 'Unknown #6']  <-- FALSE SPLIT
  person 4 -> identitas sistem ['Unknown #11', 'Unknown #5', 'Unknown #7']  <-- FALSE SPLIT
  person 5 -> identitas sistem ['Unknown #10', 'Unknown #11']  <-- FALSE SPLIT
  person 6 -> identitas sistem ['Unknown #11', 'Unknown #14']  <-- FALSE SPLIT
  person 7 -> identitas sistem ['Unknown #15']
  person 8 -> identitas sistem ['Unknown #8', 'Unknown #9']  <-- FALSE SPLIT
  person 9 -> identitas sistem ['Unknown #12', 'Unknown #13']  <-- FALSE SPLIT

=== Ringkasan (per identitas) ===
  17 identitas sistem dihasilkan untuk 11 orang GT
  False merge : 2 identitas sistem mencakup >1 orang GT
  False split : 7 orang GT terpecah jadi >1 identitas sistem
  Akurasi     : 4/11 orang GT dapet identitas tunggal & bersih (36.4%)

=== Pairwise Precision/Recall/F1 (per pasangan kemunculan) ===
  TP=1577  FP=31  FN=179
  Precision=0.981  Recall=0.898  F1=0.938


======================================================================
RINGKASAN  (MODE=strict)
======================================================================
metrik        osnet_ain_x1_0        transreid             
cakupan       178/259               177/259               
identitas     12/11                 17/11                 
precision     0.906                 0.981                 
recall        0.947                 0.898                 
f1            0.926                 0.938                 
akurasi       5/11 (45.5%)          4/11 (36.4%)          
false_merge   1                     2                     
false_split   4                     7                     
fps           7.85                  7.80                  
cpu_peak      66%                   45%                   
total_ai_ms   172.3                 172.3                 

Detail: predictions_runs_current/eval_strict_*.txt

=== OLDCFG ===
>> stash + checkout e725842^ -- app/
Saved working directory and index state On pipeline-comparison: eval_oldcfg
>> run eval (oldcfg)
MODE=oldcfg  extra_env=(none)

======================================================================
oldcfg :: osnet_ain_x1_0  (yolo26n.pt + bytetrack)
======================================================================
GT frames: 239 (259 box)  |  Pred frames: 1623  |  Frame matched: 176  |  GT frame tanpa prediksi: 63
Box GT tercocokkan ke prediksi (IoU >= 0.3): 191/259

=== Per identitas sistem (person_pred) ===
  'Unknown #1'                   -> GT person ['11']
  'Unknown #10'                  -> GT person ['9']
  'Unknown #11'                  -> GT person ['7']
  'Unknown #12'                  -> GT person ['10']
  'Unknown #13'                  -> GT person ['10']
  'Unknown #3'                   -> GT person ['2']
  'Unknown #4'                   -> GT person ['1']
  'Unknown #5'                   -> GT person ['3', '6']  <-- FALSE MERGE
  'Unknown #6'                   -> GT person ['4']
  'Unknown #7'                   -> GT person ['8']
  'Unknown #8'                   -> GT person ['5']
  'Unknown #9'                   -> GT person ['5']

=== Per orang ground truth (person) ===
  person 1 -> identitas sistem ['Unknown #4']
  person 10 -> identitas sistem ['Unknown #12', 'Unknown #13']  <-- FALSE SPLIT
  person 11 -> identitas sistem ['Unknown #1']
  person 2 -> identitas sistem ['Unknown #3']
  person 3 -> identitas sistem ['Unknown #5']
  person 4 -> identitas sistem ['Unknown #6']
  person 5 -> identitas sistem ['Unknown #8', 'Unknown #9']  <-- FALSE SPLIT
  person 6 -> identitas sistem ['Unknown #5']
  person 7 -> identitas sistem ['Unknown #11']
  person 8 -> identitas sistem ['Unknown #7']
  person 9 -> identitas sistem ['Unknown #10']

=== Ringkasan (per identitas) ===
  12 identitas sistem dihasilkan untuk 11 orang GT
  False merge : 1 identitas sistem mencakup >1 orang GT
  False split : 2 orang GT terpecah jadi >1 identitas sistem
  Akurasi     : 7/11 orang GT dapet identitas tunggal & bersih (63.6%)

=== Pairwise Precision/Recall/F1 (per pasangan kemunculan) ===
  TP=1901  FP=112  FN=80
  Precision=0.944  Recall=0.960  F1=0.952


======================================================================
oldcfg :: transreid  (yolo26n.pt + bytetrack)
======================================================================
GT frames: 239 (259 box)  |  Pred frames: 1579  |  Frame matched: 175  |  GT frame tanpa prediksi: 64
Box GT tercocokkan ke prediksi (IoU >= 0.3): 190/259

=== Per identitas sistem (person_pred) ===
  'Unknown #1'                   -> GT person ['11']
  'Unknown #10'                  -> GT person ['6']
  'Unknown #11'                  -> GT person ['9']
  'Unknown #12'                  -> GT person ['8']
  'Unknown #13'                  -> GT person ['6']
  'Unknown #14'                  -> GT person ['7']
  'Unknown #15'                  -> GT person ['10']
  'Unknown #16'                  -> GT person ['10']
  'Unknown #17'                  -> GT person ['10']
  'Unknown #2'                   -> GT person ['2']
  'Unknown #3'                   -> GT person ['1']
  'Unknown #4'                   -> GT person ['3', '6']  <-- FALSE MERGE
  'Unknown #5'                   -> GT person ['3']
  'Unknown #6'                   -> GT person ['4']
  'Unknown #7'                   -> GT person ['8']
  'Unknown #8'                   -> GT person ['5']
  'Unknown #9'                   -> GT person ['5']

=== Per orang ground truth (person) ===
  person 1 -> identitas sistem ['Unknown #3']
  person 10 -> identitas sistem ['Unknown #15', 'Unknown #16', 'Unknown #17']  <-- FALSE SPLIT
  person 11 -> identitas sistem ['Unknown #1']
  person 2 -> identitas sistem ['Unknown #2']
  person 3 -> identitas sistem ['Unknown #4', 'Unknown #5']  <-- FALSE SPLIT
  person 4 -> identitas sistem ['Unknown #6']
  person 5 -> identitas sistem ['Unknown #8', 'Unknown #9']  <-- FALSE SPLIT
  person 6 -> identitas sistem ['Unknown #10', 'Unknown #13', 'Unknown #4']  <-- FALSE SPLIT
  person 7 -> identitas sistem ['Unknown #14']
  person 8 -> identitas sistem ['Unknown #12', 'Unknown #7']  <-- FALSE SPLIT
  person 9 -> identitas sistem ['Unknown #11']

=== Ringkasan (per identitas) ===
  17 identitas sistem dihasilkan untuk 11 orang GT
  False merge : 1 identitas sistem mencakup >1 orang GT
  False split : 5 orang GT terpecah jadi >1 identitas sistem
  Akurasi     : 6/11 orang GT dapet identitas tunggal & bersih (54.5%)

=== Pairwise Precision/Recall/F1 (per pasangan kemunculan) ===
  TP=1767  FP=6  FN=203
  Precision=0.997  Recall=0.897  F1=0.944


======================================================================
RINGKASAN  (MODE=oldcfg)
======================================================================
metrik        osnet_ain_x1_0        transreid             
cakupan       191/259               190/259               
identitas     12/11                 17/11                 
precision     0.944                 0.997                 
recall        0.960                 0.897                 
f1            0.952                 0.944                 
akurasi       7/11 (63.6%)          6/11 (54.5%)          
false_merge   1                     1                     
false_split   2                     5                     
fps           7.84                  7.81                  
cpu_peak      49%                   44%                   
total_ai_ms   46.2                  53.3                  

Detail: predictions_runs_current/eval_oldcfg_*.txt
>> restore app/
On branch pipeline-comparison
Your branch is ahead of 'origin/pipeline-comparison' by 1 commit.
  (use "git push" to publish your local commits)

Changes not staged for commit:
  (use "git add <file>..." to update what will be committed)
  (use "git restore <file>..." to discard changes in working directory)
	modified:   app/services/pipeline_service.py
	modified:   app/services/stream_service/batch_processor.py
	modified:   latency.csv
	modified:   predictions.csv
	modified:   resources.csv

Untracked files:
  (use "git add <file>..." to include in what will be committed)
	benchmark/run_eval_current.py
	benchmark/run_eval_oldcfg.sh
	checkpoints/
	predictions_runs_current/
	predictions_runs_current_console.log
	predictions_runs_current_console2.log

no changes added to commit (use "git add" and/or "git commit -a")
Dropped refs/stash@{0} (4c5954765cd3f5c0b13a78ea8e2f70f674169fa1)
=== ALL DONE ===
