MODE=delta4  extra_env=(none)

======================================================================
delta4 :: transreid  (yolo26n.pt + bytetrack)
======================================================================
GT frames: 239 (259 box)  |  Pred frames: 1445  |  Frame matched: 169  |  GT frame tanpa prediksi: 70
Box GT tercocokkan ke prediksi (IoU >= 0.3): 184/259

=== Per identitas sistem (person_pred) ===
  'Unknown #1'                   -> GT person ['11']
  'Unknown #10'                  -> GT person ['6']
  'Unknown #11'                  -> GT person ['9']
  'Unknown #12'                  -> GT person ['8']
  'Unknown #13'                  -> GT person ['6']
  'Unknown #14'                  -> GT person ['7']
  'Unknown #15'                  -> GT person ['10']
  'Unknown #16'                  -> GT person ['10']
  'Unknown #17'                  -> GT person ['10']
  'Unknown #2'                   -> GT person ['2']
  'Unknown #3'                   -> GT person ['1']
  'Unknown #4'                   -> GT person ['3']
  'Unknown #5'                   -> GT person ['3']
  'Unknown #6'                   -> GT person ['4']
  'Unknown #7'                   -> GT person ['8']
  'Unknown #8'                   -> GT person ['5']
  'Unknown #9'                   -> GT person ['5']

=== Per orang ground truth (person) ===
  person 1 -> identitas sistem ['Unknown #3']
  person 10 -> identitas sistem ['Unknown #15', 'Unknown #16', 'Unknown #17']  <-- FALSE SPLIT
  person 11 -> identitas sistem ['Unknown #1']
  person 2 -> identitas sistem ['Unknown #2']
  person 3 -> identitas sistem ['Unknown #4', 'Unknown #5']  <-- FALSE SPLIT
  person 4 -> identitas sistem ['Unknown #6']
  person 5 -> identitas sistem ['Unknown #8', 'Unknown #9']  <-- FALSE SPLIT
  person 6 -> identitas sistem ['Unknown #10', 'Unknown #13']  <-- FALSE SPLIT
  person 7 -> identitas sistem ['Unknown #14']
  person 8 -> identitas sistem ['Unknown #12', 'Unknown #7']  <-- FALSE SPLIT
  person 9 -> identitas sistem ['Unknown #11']

=== Ringkasan (per identitas) ===
  17 identitas sistem dihasilkan untuk 11 orang GT
  False merge : 0 identitas sistem mencakup >1 orang GT
  False split : 5 orang GT terpecah jadi >1 identitas sistem
  Akurasi     : 6/11 orang GT dapet identitas tunggal & bersih (54.5%)

=== Pairwise Precision/Recall/F1 (per pasangan kemunculan) ===
  TP=1764  FP=0  FN=151
  Precision=1.000  Recall=0.921  F1=0.959


======================================================================
RINGKASAN  (MODE=delta4)
======================================================================
metrik        transreid             
cakupan       184/259               
identitas     17/11                 
precision     1.000                 
recall        0.921                 
f1            0.959                 
akurasi       6/11 (54.5%)          
false_merge   0                     
false_split   5                     
fps           7.56                  
cpu_peak      25%                   
total_ai_ms   53.3                  

Detail: predictions_runs_current/eval_delta4_*.txt
