/Users/chairulnw/BMS-Tracking/ai-service/.venv/lib/python3.14/site-packages/torchreid/reid/metrics/rank.py:11: UserWarning: Cython evaluation (very fast so highly recommended) is unavailable, now use python evaluation.
  warnings.warn(
INFO:     Started server process [39611]
INFO:     Waiting for application startup.
INFO:     Application startup complete.
INFO:     Uvicorn running on http://127.0.0.1:8001 (Press CTRL+C to quit)
[12:44:12] [startup] device: mps
[12:44:12] [startup] loading detector (checkpoints/yolo26n.pt)…
[12:44:12] [startup] loading ReID (osnet_ain_x1_0)…
[12:44:12] Model: osnet_ain_x1_0
[12:44:12] - params: 2,193,616
[12:44:12] - flops: 978,878,352
[12:44:12] Successfully loaded pretrained weights from "/Users/chairulnw/.cache/torch/checkpoints/osnet_ain_x1_0_msmt17.pt"
[12:44:12] ** The following layers are discarded due to unmatched keys or layer size: ['classifier.weight', 'classifier.bias']
[12:44:12] [startup] models ready

[12:44:12] [startup] auto-start dilewati (DISABLE_AUTOSTART)
INFO:     127.0.0.1:56233 - "GET /health HTTP/1.1" 200 OK
INFO:     127.0.0.1:56235 - "POST /stream/stop HTTP/1.1" 200 OK
[12:44:15] [batch] loading YOLO(checkpoints/yolo26n.pt) → mps, ReID(osnet_ain_x1_0) → mps
[12:44:15] Model: osnet_ain_x1_0
[12:44:15] - params: 2,193,616
[12:44:15] - flops: 978,878,352
[12:44:15] Successfully loaded pretrained weights from "/Users/chairulnw/.cache/torch/checkpoints/osnet_ain_x1_0_msmt17.pt"
[12:44:15] ** The following layers are discarded due to unmatched keys or layer size: ['classifier.weight', 'classifier.bias']
[12:44:15] [batch] tracker: bytetrack
[12:44:20] [par] RAP1.pth loaded → device=mps, attrs=6 selected
[12:44:23] [par] CLIP ViT-B/32 color detector loaded → device=mps
[12:44:23] [batch] models ready
[12:44:23] [stream] 5 kamera dari database.
[12:44:23] [stream] skip_gallery_restore=True — IdentityDB mulai kosong.
[12:44:23] [stream] 5 kamera dimulai (batch mode).
INFO:     127.0.0.1:56237 - "POST /stream/start HTTP/1.1" 200 OK
INFO:     127.0.0.1:56249 - "GET /stream/status HTTP/1.1" 200 OK
INFO:     127.0.0.1:56251 - "GET /health HTTP/1.1" 200 OK
[12:44:24] [c8] opened 1920x1080 @ 25.0fps
[12:44:24] [c8] 1 line-zone(s), 0 polygon-zone(s) loaded
[12:44:25] [c9] opened 1920x1080 @ 25.0fps
[12:44:25] [c9] 1 line-zone(s), 0 polygon-zone(s) loaded
INFO:     127.0.0.1:56267 - "GET /stream/status HTTP/1.1" 200 OK
INFO:     127.0.0.1:56269 - "GET /health HTTP/1.1" 200 OK
[12:44:26] [c10] opened 1920x1080 @ 25.0fps
[12:44:26] [c10] 1 line-zone(s), 0 polygon-zone(s) loaded
[12:44:27] [c11] opened 1920x1080 @ 25.0fps
[12:44:27] [c11] 1 line-zone(s), 0 polygon-zone(s) loaded
[12:44:28] [c12] opened 1920x1080 @ 25.0fps
[12:44:28] [c12] 0 line-zone(s), 0 polygon-zone(s) loaded
INFO:     127.0.0.1:56281 - "GET /stream/status HTTP/1.1" 200 OK
INFO:     127.0.0.1:56283 - "GET /health HTTP/1.1" 200 OK
[12:44:30] [c9] f30  1920x1080  raw=0  tracked=0
[12:44:30] [c10] f30  1920x1080  raw=0  tracked=0
[12:44:30] [c11] f30  1920x1080  raw=2  tracked=2  [t3(?), t1(?)]
[12:44:30] [c12] f30  1920x1080  raw=0  tracked=0
[12:44:30] [c8] f30  1920x1080  raw=0  tracked=0
[12:44:31] [c10] f60  1920x1080  raw=0  tracked=0
[12:44:31] [c9] f60  1920x1080  raw=0  tracked=0
[12:44:32] [c11] f60  1920x1080  raw=0  tracked=0
INFO:     127.0.0.1:56285 - "GET /stream/status HTTP/1.1" 200 OK
INFO:     127.0.0.1:56287 - "GET /health HTTP/1.1" 200 OK
[12:44:32] [c12] f60  1920x1080  raw=0  tracked=0
[12:44:32] [c8] f60  1920x1080  raw=0  tracked=0
[12:44:32] [reid] 12:44:32.630 c11/t1 tracklet ditutup (51 det, 16 sample) → NEW 'Unknown #1'  (score=-1.000 < thr=0.66 (atau gallery kosong))
[12:44:33] [reid] 12:44:33.811 c11/t3 tracklet ditutup (35 det, 16 sample) → NEW 'Unknown #2'  (score=-1.000 < thr=0.66 (atau gallery kosong))
[12:44:33] [c9] f90  1920x1080  raw=0  tracked=0
[12:44:34] [c10] f90  1920x1080  raw=0  tracked=0
[12:44:34] [c11] f90  1920x1080  raw=0  tracked=0
[12:44:34] [c12] f90  1920x1080  raw=0  tracked=0
[12:44:34] [c8] f90  1920x1080  raw=0  tracked=0
INFO:     127.0.0.1:56289 - "GET /stream/status HTTP/1.1" 200 OK
INFO:     127.0.0.1:56291 - "GET /health HTTP/1.1" 200 OK
[12:44:35] [c11] f120  1920x1080  raw=0  tracked=0
[12:44:35] [c9] f120  1920x1080  raw=0  tracked=0
[12:44:35] [c10] f120  1920x1080  raw=0  tracked=0
[12:44:35] [c12] f120  1920x1080  raw=0  tracked=0
[12:44:35] [reid] 12:44:35.786 c11/t4 tracklet ditutup (5 det, 2 sample) → NEW 'Unknown #3'  (score=0.557 < thr=0.66 (atau gallery kosong))
[12:44:36] [c8] f120  1920x1080  raw=0  tracked=0
[12:44:36] [c9] f150  1920x1080  raw=0  tracked=0
[12:44:36] [c11] f150  1920x1080  raw=0  tracked=0
[12:44:37] [c10] f150  1920x1080  raw=0  tracked=0
[12:44:37] [c12] f150  1920x1080  raw=0  tracked=0
[12:44:37] [reid] 12:44:37.381 c11/t3 tracklet ditutup (7 det, 3 sample) → MATCH 'Unknown #2'  (score=0.889)
INFO:     127.0.0.1:56293 - "GET /stream/status HTTP/1.1" 200 OK
INFO:     127.0.0.1:56295 - "GET /health HTTP/1.1" 200 OK
[12:44:38] [c11] f180  1920x1080  raw=0  tracked=0
[12:44:38] [c9] f180  1920x1080  raw=0  tracked=0
[12:44:39] [c8] f150  1920x1080  raw=0  tracked=0
[12:44:39] [c10] f180  1920x1080  raw=0  tracked=0
[12:44:39] [c12] f180  1920x1080  raw=0  tracked=0
[12:44:40] [c11] f210  1920x1080  raw=1  tracked=1  [t6(?)]
[12:44:40] [c9] f210  1920x1080  raw=0  tracked=0
[12:44:40] [c8] f180  1920x1080  raw=0  tracked=0
[12:44:40] [c10] f210  1920x1080  raw=0  tracked=0
[12:44:40] [c12] f210  1920x1080  raw=0  tracked=0
INFO:     127.0.0.1:56298 - "GET /stream/status HTTP/1.1" 200 OK
INFO:     127.0.0.1:56300 - "GET /health HTTP/1.1" 200 OK
[12:44:41] [c11] f240  1920x1080  raw=0  tracked=0
[12:44:41] [c9] f240  1920x1080  raw=0  tracked=0
[12:44:42] [c8] f210  1920x1080  raw=0  tracked=0
[12:44:42] [c10] f240  1920x1080  raw=0  tracked=0
[12:44:42] [c12] f240  1920x1080  raw=0  tracked=0
[12:44:42] [c11] f270  1920x1080  raw=0  tracked=0
[12:44:43] [c9] f270  1920x1080  raw=0  tracked=0
[12:44:43] [c10] f270  1920x1080  raw=0  tracked=0
[12:44:43] [c12] f270  1920x1080  raw=0  tracked=0
[12:44:43] [c8] f240  1920x1080  raw=0  tracked=0
INFO:     127.0.0.1:56303 - "GET /stream/status HTTP/1.1" 200 OK
INFO:     127.0.0.1:56305 - "GET /health HTTP/1.1" 200 OK
[12:44:44] [c11] f300  1920x1080  raw=0  tracked=0
[12:44:44] [c9] f300  1920x1080  raw=0  tracked=0
[12:44:44] [c10] f300  1920x1080  raw=0  tracked=0
[12:44:44] [c8] f270  1920x1080  raw=0  tracked=0
[12:44:44] [c12] f300  1920x1080  raw=0  tracked=0
[12:44:45] [c11] f330  1920x1080  raw=0  tracked=0
[12:44:46] [c9] f330  1920x1080  raw=0  tracked=0
[12:44:46] [c10] f330  1920x1080  raw=0  tracked=0
[12:44:46] [c12] f330  1920x1080  raw=0  tracked=0
[12:44:46] [c8] f300  1920x1080  raw=0  tracked=0
INFO:     127.0.0.1:56309 - "GET /stream/status HTTP/1.1" 200 OK
INFO:     127.0.0.1:56311 - "GET /health HTTP/1.1" 200 OK
[12:44:47] [c9] f360  1920x1080  raw=0  tracked=0
[12:44:47] [c11] f360  1920x1080  raw=0  tracked=0
[12:44:47] [c10] f360  1920x1080  raw=0  tracked=0
[12:44:48] [c12] f360  1920x1080  raw=0  tracked=0
[12:44:48] [c8] f330  1920x1080  raw=0  tracked=0
[12:44:48] [c9] f390  1920x1080  raw=0  tracked=0
[12:44:48] [c11] f390  1920x1080  raw=0  tracked=0
[12:44:49] [c10] f390  1920x1080  raw=0  tracked=0
[12:44:49] [c12] f390  1920x1080  raw=0  tracked=0
[12:44:49] [c8] f360  1920x1080  raw=0  tracked=0
[12:44:50] [c9] f420  1920x1080  raw=0  tracked=0
[12:44:50] [c11] f420  1920x1080  raw=0  tracked=0
INFO:     127.0.0.1:56314 - "GET /stream/status HTTP/1.1" 200 OK
INFO:     127.0.0.1:56316 - "GET /health HTTP/1.1" 200 OK
[12:44:50] [c10] f420  1920x1080  raw=0  tracked=0
[12:44:51] [c12] f420  1920x1080  raw=0  tracked=0
[12:44:51] [c8] f390  1920x1080  raw=0  tracked=0
[12:44:51] [c9] f450  1920x1080  raw=0  tracked=0
[12:44:51] [c11] f450  1920x1080  raw=0  tracked=0
[12:44:51] [c10] f450  1920x1080  raw=0  tracked=0
[12:44:52] [c12] f450  1920x1080  raw=0  tracked=0
[12:44:52] [c9] f480  1920x1080  raw=0  tracked=0
[12:44:52] [c8] f420  1920x1080  raw=0  tracked=0
[12:44:52] [c10] f480  1920x1080  raw=0  tracked=0
INFO:     127.0.0.1:56324 - "GET /stream/status HTTP/1.1" 200 OK
INFO:     127.0.0.1:56326 - "GET /health HTTP/1.1" 200 OK
[12:44:53] [c11] f480  1920x1080  raw=0  tracked=0
[12:44:53] [c9] f510  1920x1080  raw=0  tracked=0
[12:44:53] [c12] f480  1920x1080  raw=0  tracked=0
[12:44:53] [c8] f450  1920x1080  raw=0  tracked=0
[12:44:54] [c10] f510  1920x1080  raw=1  tracked=1  [t7(?)]
[12:44:54] [c9] f540  1920x1080  raw=0  tracked=0
[12:44:55] [c11] f510  1920x1080  raw=0  tracked=0
[12:44:55] [c12] f510  1920x1080  raw=0  tracked=0
[12:44:55] [c8] f480  1920x1080  raw=0  tracked=0
[12:44:55] [reid] 12:44:55.443 c10/t10 tracklet ditutup (1 det, 1 sample) → MATCH 'Unknown #2'  (score=0.754)
[12:44:55] [c10] f540  1920x1080  raw=1  tracked=1  [t7(?)]
INFO:     127.0.0.1:56331 - "GET /stream/status HTTP/1.1" 200 OK
INFO:     127.0.0.1:56333 - "GET /health HTTP/1.1" 200 OK
[12:44:56] [c9] f570  1920x1080  raw=0  tracked=0
[12:44:56] [c12] f540  1920x1080  raw=0  tracked=0
[12:44:56] [c11] f540  1920x1080  raw=0  tracked=0
[12:44:56] [c10] f570  1920x1080  raw=2  tracked=2  [t7(?), t10(Unknown #2)]
[12:44:57] [c8] f510  1920x1080  raw=0  tracked=0
[12:44:57] [c9] f600  1920x1080  raw=0  tracked=0
[12:44:58] [c12] f570  1920x1080  raw=0  tracked=0
[12:44:58] [c10] f600  1920x1080  raw=2  tracked=2  [t7(?), t10(Unknown #2)]
[12:44:58] [c9] f630  1920x1080  raw=0  tracked=0
[12:44:58] [c11] f570  1920x1080  raw=0  tracked=0
[12:44:59] [c8] f540  1920x1080  raw=0  tracked=0
INFO:     127.0.0.1:56337 - "GET /stream/status HTTP/1.1" 200 OK
INFO:     127.0.0.1:56339 - "GET /health HTTP/1.1" 200 OK
[12:45:00] [c12] f600  1920x1080  raw=0  tracked=0
[12:45:00] [c10] f630  1920x1080  raw=1  tracked=1  [t10(Unknown #2)]
[12:45:00] [c9] f660  1920x1080  raw=0  tracked=0
[12:45:00] [c11] f600  1920x1080  raw=0  tracked=0
[12:45:00] [reid] 12:45:00.803 c10/t7 tracklet ditutup (140 det, 16 sample) → MATCH 'Unknown #1'  (score=0.884)
[12:45:00] [reid] 12:45:00.821 c10/t10 tracklet ditutup (57 det, 16 sample) → MATCH 'Unknown #2'  (score=0.846)
[12:45:01] [c8] f570  1920x1080  raw=0  tracked=0
[12:45:01] [c12] f630  1920x1080  raw=0  tracked=0
[12:45:01] [c10] f660  1920x1080  raw=1  tracked=1  [t7(Unknown #1)]
[12:45:01] [c9] f690  1920x1080  raw=0  tracked=0
[12:45:01] [reid] 12:45:01.952 c10/t10 tracklet ditutup (4 det, 4 sample) → MATCH 'Unknown #2'  (score=0.880)
[12:45:01] [c11] f630  1920x1080  raw=0  tracked=0
INFO:     127.0.0.1:56342 - "GET /stream/status HTTP/1.1" 200 OK
INFO:     127.0.0.1:56344 - "GET /health HTTP/1.1" 200 OK
[12:45:02] [c8] f600  1920x1080  raw=0  tracked=0
[12:45:02] [reid] 12:45:02.324 c10/t7 tracklet ditutup (5 det, 5 sample) → MATCH 'Unknown #1'  (score=0.916)
[12:45:02] [c12] f660  1920x1080  raw=0  tracked=0
[12:45:02] [reid] 12:45:02.842 c10/t10 tracklet ditutup (1 det, 1 sample) → MATCH 'Unknown #2'  (score=0.829)
[12:45:02] [c9] f720  1920x1080  raw=0  tracked=0
[12:45:02] [c10] f690  1920x1080  raw=0  tracked=0
[12:45:03] [reid] 12:45:03.342 c10/t7 tracklet ditutup (3 det, 3 sample) → MATCH 'Unknown #1'  (score=0.908)
[12:45:03] [c11] f660  1920x1080  raw=0  tracked=0
[12:45:03] [c8] f630  1920x1080  raw=0  tracked=0
[12:45:04] [c12] f690  1920x1080  raw=0  tracked=0
[12:45:04] [c9] f750  1920x1080  raw=0  tracked=0
[12:45:04] [c10] f720  1920x1080  raw=1  tracked=1  [t7(Unknown #1)]
[12:45:05] [c11] f690  1920x1080  raw=0  tracked=0
INFO:     127.0.0.1:56346 - "GET /stream/status HTTP/1.1" 200 OK
INFO:     127.0.0.1:56348 - "GET /health HTTP/1.1" 200 OK
[12:45:05] [c8] f660  1920x1080  raw=0  tracked=0
[12:45:05] [c12] f720  1920x1080  raw=0  tracked=0
[12:45:05] [c10] f750  1920x1080  raw=0  tracked=0
[12:45:05] [c9] f780  1920x1080  raw=0  tracked=0
[12:45:05] [reid] 12:45:05.899 c10/t7 tracklet ditutup (16 det, 16 sample) → MATCH 'Unknown #1'  (score=0.884)
[12:45:06] [c11] f720  1920x1080  raw=0  tracked=0
[12:45:06] [c9] f810  1920x1080  raw=0  tracked=0
[12:45:06] [c10] f780  1920x1080  raw=0  tracked=0
[12:45:07] [c12] f750  1920x1080  raw=0  tracked=0
[12:45:07] [c8] f690  1920x1080  raw=0  tracked=0
[12:45:08] [c10] f810  1920x1080  raw=0  tracked=0
[12:45:08] [c9] f840  1920x1080  raw=0  tracked=0
[12:45:08] [c11] f750  1920x1080  raw=0  tracked=0
[12:45:08] [c12] f780  1920x1080  raw=0  tracked=0
INFO:     127.0.0.1:56351 - "GET /stream/status HTTP/1.1" 200 OK
INFO:     127.0.0.1:56353 - "GET /health HTTP/1.1" 200 OK
[12:45:08] [c8] f720  1920x1080  raw=0  tracked=0
[12:45:09] [c9] f870  1920x1080  raw=0  tracked=0
[12:45:09] [c10] f840  1920x1080  raw=0  tracked=0
[12:45:09] [c11] f780  1920x1080  raw=0  tracked=0
[12:45:10] [c12] f810  1920x1080  raw=0  tracked=0
[12:45:10] [c8] f750  1920x1080  raw=0  tracked=0
[12:45:10] [c9] f900  1920x1080  raw=0  tracked=0
[12:45:10] [c10] f870  1920x1080  raw=0  tracked=0
[12:45:11] [c11] f810  1920x1080  raw=0  tracked=0
INFO:     127.0.0.1:56355 - "GET /stream/status HTTP/1.1" 200 OK
INFO:     127.0.0.1:56357 - "GET /health HTTP/1.1" 200 OK
[12:45:11] [c12] f840  1920x1080  raw=0  tracked=0
[12:45:11] [c8] f780  1920x1080  raw=0  tracked=0
[12:45:12] [c9] f930  1920x1080  raw=0  tracked=0
[12:45:12] [c10] f900  1920x1080  raw=0  tracked=0
[12:45:12] [c12] f870  1920x1080  raw=0  tracked=0
[12:45:12] [c11] f840  1920x1080  raw=0  tracked=0
[12:45:13] [c8] f810  1920x1080  raw=0  tracked=0
[12:45:13] [c9] f960  1920x1080  raw=0  tracked=0
[12:45:14] [c10] f930  1920x1080  raw=0  tracked=0
[12:45:14] [c12] f900  1920x1080  raw=0  tracked=0
INFO:     127.0.0.1:56360 - "GET /stream/status HTTP/1.1" 200 OK
INFO:     127.0.0.1:56362 - "GET /health HTTP/1.1" 200 OK
[12:45:14] [c11] f870  1920x1080  raw=0  tracked=0
[12:45:14] [c8] f840  1920x1080  raw=0  tracked=0
[12:45:14] [c9] f990  1920x1080  raw=0  tracked=0
[12:45:15] [c10] f960  1920x1080  raw=0  tracked=0
[12:45:15] [c12] f930  1920x1080  raw=0  tracked=0
[12:45:16] [c9] f1020  1920x1080  raw=0  tracked=0
[12:45:16] [c11] f900  1920x1080  raw=0  tracked=0
[12:45:16] [c8] f870  1920x1080  raw=0  tracked=0
[12:45:16] [c12] f960  1920x1080  raw=0  tracked=0
[12:45:17] [c10] f990  1920x1080  raw=0  tracked=0
INFO:     127.0.0.1:56365 - "GET /stream/status HTTP/1.1" 200 OK
INFO:     127.0.0.1:56367 - "GET /health HTTP/1.1" 200 OK
[12:45:17] [c9] f1050  1920x1080  raw=0  tracked=0
[12:45:17] [c11] f930  1920x1080  raw=0  tracked=0
[12:45:17] [c8] f900  1920x1080  raw=0  tracked=0
[12:45:18] [c10] f1020  1920x1080  raw=0  tracked=0
[12:45:18] [c12] f990  1920x1080  raw=0  tracked=0
[12:45:18] [c9] f1080  1920x1080  raw=0  tracked=0
[12:45:19] [c8] f930  1920x1080  raw=0  tracked=0
[12:45:19] [c11] f960  1920x1080  raw=0  tracked=0
[12:45:19] [c10] f1050  1920x1080  raw=0  tracked=0
[12:45:19] [c12] f1020  1920x1080  raw=0  tracked=0
[12:45:20] [c9] f1110  1920x1080  raw=0  tracked=0
INFO:     127.0.0.1:56369 - "GET /stream/status HTTP/1.1" 200 OK
INFO:     127.0.0.1:56371 - "GET /health HTTP/1.1" 200 OK
[12:45:20] [c8] f960  1920x1080  raw=0  tracked=0
[12:45:20] [c11] f990  1920x1080  raw=0  tracked=0
[12:45:21] [c12] f1050  1920x1080  raw=0  tracked=0
[12:45:21] [c10] f1080  1920x1080  raw=0  tracked=0
[12:45:21] [c9] f1140  1920x1080  raw=0  tracked=0
[12:45:22] [c11] f1020  1920x1080  raw=0  tracked=0
[12:45:22] [c8] f990  1920x1080  raw=0  tracked=0
[12:45:22] [c10] f1110  1920x1080  raw=0  tracked=0
[12:45:22] [c12] f1080  1920x1080  raw=0  tracked=0
[12:45:23] [c9] f1170  1920x1080  raw=0  tracked=0
INFO:     127.0.0.1:56373 - "GET /stream/status HTTP/1.1" 200 OK
INFO:     127.0.0.1:56375 - "GET /health HTTP/1.1" 200 OK
[12:45:24] [c8] f1020  1920x1080  raw=0  tracked=0
[12:45:24] [c10] f1140  1920x1080  raw=0  tracked=0
[12:45:24] [c11] f1050  1920x1080  raw=0  tracked=0
[12:45:24] [c12] f1110  1920x1080  raw=0  tracked=0
[12:45:24] [c9] f1200  1920x1080  raw=0  tracked=0
[12:45:25] [c12] f1140  1920x1080  raw=0  tracked=0
[12:45:25] [c9] f1230  1920x1080  raw=0  tracked=0
[12:45:25] [c8] f1050  1920x1080  raw=0  tracked=0
[12:45:25] [c10] f1170  1920x1080  raw=0  tracked=0
[12:45:25] [c11] f1080  1920x1080  raw=0  tracked=0
INFO:     127.0.0.1:56377 - "GET /stream/status HTTP/1.1" 200 OK
INFO:     127.0.0.1:56379 - "GET /health HTTP/1.1" 200 OK
[12:45:26] [c9] f1260  1920x1080  raw=0  tracked=0
[12:45:26] [c12] f1170  1920x1080  raw=0  tracked=0
[12:45:26] [c8] f1080  1920x1080  raw=0  tracked=0
[12:45:27] [c10] f1200  1920x1080  raw=0  tracked=0
[12:45:27] [c11] f1110  1920x1080  raw=0  tracked=0
[12:45:28] [c9] f1290  1920x1080  raw=0  tracked=0
[12:45:28] [c12] f1200  1920x1080  raw=0  tracked=0
[12:45:28] [c8] f1110  1920x1080  raw=0  tracked=0
[12:45:28] [c10] f1230  1920x1080  raw=0  tracked=0
[12:45:29] [c11] f1140  1920x1080  raw=0  tracked=0
INFO:     127.0.0.1:56382 - "GET /stream/status HTTP/1.1" 200 OK
INFO:     127.0.0.1:56384 - "GET /health HTTP/1.1" 200 OK
[12:45:29] [c9] f1320  1920x1080  raw=0  tracked=0
[12:45:29] [c12] f1230  1920x1080  raw=0  tracked=0
[12:45:29] [c10] f1260  1920x1080  raw=0  tracked=0
[12:45:30] [c8] f1140  1920x1080  raw=0  tracked=0
[12:45:30] [c9] f1350  1920x1080  raw=0  tracked=0
[12:45:30] [c11] f1170  1920x1080  raw=0  tracked=0
[12:45:31] [c12] f1260  1920x1080  raw=0  tracked=0
[12:45:31] [c10] f1290  1920x1080  raw=0  tracked=0
[12:45:31] [c8] f1170  1920x1080  raw=0  tracked=0
[12:45:31] [c9] f1380  1920x1080  raw=0  tracked=0
[12:45:32] [c11] f1200  1920x1080  raw=0  tracked=0
INFO:     127.0.0.1:56386 - "GET /stream/status HTTP/1.1" 200 OK
INFO:     127.0.0.1:56388 - "GET /health HTTP/1.1" 200 OK
[12:45:32] [c10] f1320  1920x1080  raw=0  tracked=0
[12:45:32] [c12] f1290  1920x1080  raw=0  tracked=0
[12:45:33] [c9] f1410  1920x1080  raw=0  tracked=0
[12:45:33] [c8] f1200  1920x1080  raw=0  tracked=0
[12:45:33] [c10] f1350  1920x1080  raw=0  tracked=0
[12:45:34] [c11] f1230  1920x1080  raw=0  tracked=0
[12:45:34] [c12] f1320  1920x1080  raw=0  tracked=0
[12:45:34] [c8] f1230  1920x1080  raw=0  tracked=0
[12:45:34] [c9] f1440  1920x1080  raw=0  tracked=0
[12:45:35] [c11] f1260  1920x1080  raw=0  tracked=0
INFO:     127.0.0.1:56390 - "GET /stream/status HTTP/1.1" 200 OK
INFO:     127.0.0.1:56392 - "GET /health HTTP/1.1" 200 OK
[12:45:35] [c12] f1350  1920x1080  raw=0  tracked=0
[12:45:35] [c10] f1380  1920x1080  raw=0  tracked=0
[12:45:36] [c9] f1470  1920x1080  raw=0  tracked=0
[12:45:36] [c8] f1260  1920x1080  raw=0  tracked=0
[12:45:36] [c10] f1410  1920x1080  raw=0  tracked=0
[12:45:36] [c11] f1290  1920x1080  raw=0  tracked=0
[12:45:36] [c12] f1380  1920x1080  raw=0  tracked=0
[12:45:37] [c9] f1500  1920x1080  raw=0  tracked=0
[12:45:38] [c8] f1290  1920x1080  raw=0  tracked=0
[12:45:38] [c11] f1320  1920x1080  raw=0  tracked=0
[12:45:38] [c10] f1440  1920x1080  raw=0  tracked=0
[12:45:38] [c12] f1410  1920x1080  raw=0  tracked=0
INFO:     127.0.0.1:56395 - "GET /stream/status HTTP/1.1" 200 OK
INFO:     127.0.0.1:56397 - "GET /health HTTP/1.1" 200 OK
[12:45:38] [c9] f1530  1920x1080  raw=0  tracked=0
[12:45:39] [c8] f1320  1920x1080  raw=0  tracked=0
[12:45:39] [c11] f1350  1920x1080  raw=0  tracked=0
[12:45:39] [c10] f1470  1920x1080  raw=0  tracked=0
[12:45:39] [c12] f1440  1920x1080  raw=0  tracked=0
[12:45:39] [c9] f1560  1920x1080  raw=0  tracked=0
[12:45:40] [c8] f1350  1920x1080  raw=0  tracked=0
[12:45:40] [c11] f1380  1920x1080  raw=0  tracked=0
[12:45:41] [c10] f1500  1920x1080  raw=0  tracked=0
[12:45:41] [c12] f1470  1920x1080  raw=0  tracked=0
[12:45:41] [c9] f1590  1920x1080  raw=0  tracked=0
INFO:     127.0.0.1:56400 - "GET /stream/status HTTP/1.1" 200 OK
INFO:     127.0.0.1:56402 - "GET /health HTTP/1.1" 200 OK
[12:45:42] [c8] f1380  1920x1080  raw=0  tracked=0
[12:45:42] [c11] f1410  1920x1080  raw=0  tracked=0
[12:45:42] [c12] f1500  1920x1080  raw=0  tracked=0
[12:45:42] [c10] f1530  1920x1080  raw=0  tracked=0
[12:45:42] [c9] f1620  1920x1080  raw=0  tracked=0
[12:45:43] [c11] f1440  1920x1080  raw=0  tracked=0
[12:45:44] [c10] f1560  1920x1080  raw=0  tracked=0
[12:45:44] [c8] f1410  1920x1080  raw=0  tracked=0
[12:45:44] [c9] f1650  1920x1080  raw=0  tracked=0
[12:45:44] [c12] f1530  1920x1080  raw=0  tracked=0
INFO:     127.0.0.1:56404 - "GET /stream/status HTTP/1.1" 200 OK
INFO:     127.0.0.1:56406 - "GET /health HTTP/1.1" 200 OK
[12:45:44] [c11] f1470  1920x1080  raw=0  tracked=0
[12:45:45] [c10] f1590  1920x1080  raw=0  tracked=0
[12:45:45] [c9] f1680  1920x1080  raw=0  tracked=0
[12:45:45] [c8] f1440  1920x1080  raw=0  tracked=0
[12:45:45] [c12] f1560  1920x1080  raw=0  tracked=0
[12:45:46] [c11] f1500  1920x1080  raw=0  tracked=0
[12:45:46] [c9] f1710  1920x1080  raw=0  tracked=0
[12:45:46] [c10] f1620  1920x1080  raw=0  tracked=0
[12:45:46] [c8] f1470  1920x1080  raw=0  tracked=0
[12:45:47] [c12] f1590  1920x1080  raw=0  tracked=0
INFO:     127.0.0.1:56408 - "GET /stream/status HTTP/1.1" 200 OK
INFO:     127.0.0.1:56410 - "GET /health HTTP/1.1" 200 OK
[12:45:47] [c11] f1530  1920x1080  raw=0  tracked=0
[12:45:47] [c9] f1740  1920x1080  raw=0  tracked=0
[12:45:48] [c10] f1650  1920x1080  raw=0  tracked=0
[12:45:48] [c8] f1500  1920x1080  raw=0  tracked=0
[12:45:48] [c12] f1620  1920x1080  raw=0  tracked=0
[12:45:49] [c9] f1770  1920x1080  raw=0  tracked=0
[12:45:49] [c11] f1560  1920x1080  raw=0  tracked=0
[12:45:49] [c10] f1680  1920x1080  raw=0  tracked=0
[12:45:49] [c8] f1530  1920x1080  raw=0  tracked=0
[12:45:49] [c12] f1650  1920x1080  raw=0  tracked=0
[12:45:50] [c9] f1800  1920x1080  raw=0  tracked=0
[12:45:50] [c11] f1590  1920x1080  raw=0  tracked=0
INFO:     127.0.0.1:56413 - "GET /stream/status HTTP/1.1" 200 OK
INFO:     127.0.0.1:56415 - "GET /health HTTP/1.1" 200 OK
[12:45:50] [c10] f1710  1920x1080  raw=0  tracked=0
[12:45:51] [c12] f1680  1920x1080  raw=0  tracked=0
[12:45:51] [c8] f1560  1920x1080  raw=0  tracked=0
[12:45:51] [c9] f1830  1920x1080  raw=0  tracked=0
[12:45:52] [c11] f1620  1920x1080  raw=0  tracked=0
[12:45:52] [c10] f1740  1920x1080  raw=0  tracked=0
[12:45:52] [c9] f1860  1920x1080  raw=0  tracked=0
[12:45:52] [c12] f1710  1920x1080  raw=0  tracked=0
[12:45:53] [c8] f1590  1920x1080  raw=0  tracked=0
[12:45:53] [c11] f1650  1920x1080  raw=0  tracked=0
INFO:     127.0.0.1:56418 - "GET /stream/status HTTP/1.1" 200 OK
INFO:     127.0.0.1:56420 - "GET /health HTTP/1.1" 200 OK
[12:45:53] [c10] f1770  1920x1080  raw=0  tracked=0
[12:45:54] [c9] f1890  1920x1080  raw=0  tracked=0
[12:45:54] [c12] f1740  1920x1080  raw=0  tracked=0
[12:45:54] [c11] f1680  1920x1080  raw=0  tracked=0
[12:45:54] [c8] f1620  1920x1080  raw=0  tracked=0
[12:45:55] [c10] f1800  1920x1080  raw=0  tracked=0
[12:45:55] [c9] f1920  1920x1080  raw=0  tracked=0
[12:45:56] [c12] f1770  1920x1080  raw=0  tracked=0
[12:45:56] [c11] f1710  1920x1080  raw=0  tracked=0
[12:45:56] [c8] f1650  1920x1080  raw=0  tracked=0
INFO:     127.0.0.1:56426 - "GET /stream/status HTTP/1.1" 200 OK
INFO:     127.0.0.1:56428 - "GET /health HTTP/1.1" 200 OK
[12:45:56] [c10] f1830  1920x1080  raw=0  tracked=0
[12:45:57] [c9] f1950  1920x1080  raw=0  tracked=0
[12:45:57] [c12] f1800  1920x1080  raw=0  tracked=0
[12:45:57] [c8] f1680  1920x1080  raw=0  tracked=0
[12:45:57] [c11] f1740  1920x1080  raw=0  tracked=0
[12:45:57] [c10] f1860  1920x1080  raw=0  tracked=0
[12:45:58] [c9] f1980  1920x1080  raw=0  tracked=0
[12:45:58] [c12] f1830  1920x1080  raw=0  tracked=0
[12:45:58] [c8] f1710  1920x1080  raw=0  tracked=0
[12:45:59] [c10] f1890  1920x1080  raw=0  tracked=0
[12:45:59] [c11] f1770  1920x1080  raw=0  tracked=0
INFO:     127.0.0.1:56432 - "GET /stream/status HTTP/1.1" 200 OK
INFO:     127.0.0.1:56434 - "GET /health HTTP/1.1" 200 OK
[12:45:59] [c9] f2010  1920x1080  raw=0  tracked=0
[12:46:00] [c12] f1860  1920x1080  raw=0  tracked=0
[12:46:00] [c8] f1740  1920x1080  raw=0  tracked=0
[12:46:00] [c10] f1920  1920x1080  raw=0  tracked=0
[12:46:01] [c11] f1800  1920x1080  raw=0  tracked=0
[12:46:01] [c9] f2040  1920x1080  raw=0  tracked=0
[12:46:01] [c12] f1890  1920x1080  raw=0  tracked=0
[12:46:01] [c8] f1770  1920x1080  raw=0  tracked=0
[12:46:02] [c10] f1950  1920x1080  raw=0  tracked=0
INFO:     127.0.0.1:56436 - "GET /stream/status HTTP/1.1" 200 OK
INFO:     127.0.0.1:56438 - "GET /health HTTP/1.1" 200 OK
[12:46:02] [c11] f1830  1920x1080  raw=0  tracked=0
[12:46:02] [c9] f2070  1920x1080  raw=0  tracked=0
[12:46:03] [c8] f1800  1920x1080  raw=0  tracked=0
[12:46:03] [c12] f1920  1920x1080  raw=0  tracked=0
[12:46:03] [c10] f1980  1920x1080  raw=0  tracked=0
[12:46:03] [c9] f2100  1920x1080  raw=0  tracked=0
[12:46:04] [c11] f1860  1920x1080  raw=0  tracked=0
[12:46:04] [c12] f1950  1920x1080  raw=0  tracked=0
[12:46:04] [c8] f1830  1920x1080  raw=0  tracked=0
[12:46:05] [c10] f2010  1920x1080  raw=0  tracked=0
[12:46:05] [c9] f2130  1920x1080  raw=0  tracked=0
INFO:     127.0.0.1:56442 - "GET /stream/status HTTP/1.1" 200 OK
INFO:     127.0.0.1:56444 - "GET /health HTTP/1.1" 200 OK
[12:46:05] [c11] f1890  1920x1080  raw=0  tracked=0
[12:46:05] [c8] f1860  1920x1080  raw=0  tracked=0
[12:46:06] [c12] f1980  1920x1080  raw=0  tracked=0
[12:46:06] [c10] f2040  1920x1080  raw=0  tracked=0
[12:46:06] [c9] f2160  1920x1080  raw=0  tracked=0
[12:46:07] [c11] f1920  1920x1080  raw=0  tracked=0
[12:46:07] [c8] f1890  1920x1080  raw=0  tracked=0
[12:46:07] [c12] f2010  1920x1080  raw=0  tracked=0
[12:46:08] [c9] f2190  1920x1080  raw=0  tracked=0
[12:46:08] [c10] f2070  1920x1080  raw=0  tracked=0
INFO:     127.0.0.1:56446 - "GET /stream/status HTTP/1.1" 200 OK
INFO:     127.0.0.1:56448 - "GET /health HTTP/1.1" 200 OK
[12:46:09] [c11] f1950  1920x1080  raw=0  tracked=0
[12:46:09] [c9] f2220  1920x1080  raw=0  tracked=0
[12:46:09] [c10] f2100  1920x1080  raw=0  tracked=0
[12:46:10] [c12] f2040  1920x1080  raw=0  tracked=0
[12:46:10] [c8] f1920  1920x1080  raw=0  tracked=0
[12:46:11] [c11] f1980  1920x1080  raw=0  tracked=0
INFO:     127.0.0.1:56450 - "GET /stream/status HTTP/1.1" 200 OK
INFO:     127.0.0.1:56452 - "GET /health HTTP/1.1" 200 OK
[12:46:11] [c10] f2130  1920x1080  raw=0  tracked=0
[12:46:12] [c9] f2250  1920x1080  raw=0  tracked=0
[12:46:12] [c8] f1950  1920x1080  raw=0  tracked=0
[12:46:12] [c12] f2070  1920x1080  raw=0  tracked=0
[12:46:13] [c11] f2010  1920x1080  raw=0  tracked=0
[12:46:13] [c10] f2160  1920x1080  raw=0  tracked=0
[12:46:13] [c9] f2280  1920x1080  raw=0  tracked=0
[12:46:14] [c8] f1980  1920x1080  raw=0  tracked=0
[12:46:14] [c12] f2100  1920x1080  raw=0  tracked=0
INFO:     127.0.0.1:56454 - "GET /stream/status HTTP/1.1" 200 OK
INFO:     127.0.0.1:56456 - "GET /health HTTP/1.1" 200 OK
[12:46:14] [c11] f2040  1920x1080  raw=0  tracked=0
[12:46:14] [c10] f2190  1920x1080  raw=0  tracked=0
[12:46:14] [c9] f2310  1920x1080  raw=0  tracked=0
[12:46:15] [c12] f2130  1920x1080  raw=0  tracked=0
[12:46:15] [c8] f2010  1920x1080  raw=0  tracked=0
[12:46:16] [c10] f2220  1920x1080  raw=0  tracked=0
[12:46:16] [c9] f2340  1920x1080  raw=0  tracked=0
[12:46:16] [c11] f2070  1920x1080  raw=0  tracked=0
[12:46:17] [c12] f2160  1920x1080  raw=0  tracked=0
[12:46:17] [c8] f2040  1920x1080  raw=0  tracked=0
[12:46:17] [c10] f2250  1920x1080  raw=0  tracked=0
INFO:     127.0.0.1:56458 - "GET /stream/status HTTP/1.1" 200 OK
INFO:     127.0.0.1:56460 - "GET /health HTTP/1.1" 200 OK
[12:46:17] [c9] f2370  1920x1080  raw=0  tracked=0
[12:46:17] [c11] f2100  1920x1080  raw=0  tracked=0
[12:46:18] [c12] f2190  1920x1080  raw=0  tracked=0
[12:46:18] [c8] f2070  1920x1080  raw=0  tracked=0
[12:46:18] [c9] f2400  1920x1080  raw=0  tracked=0
[12:46:18] [c10] f2280  1920x1080  raw=0  tracked=0
[12:46:19] [c11] f2130  1920x1080  raw=0  tracked=0
[12:46:20] [c9] f2430  1920x1080  raw=0  tracked=0
[12:46:20] [c8] f2100  1920x1080  raw=0  tracked=0
[12:46:20] [c12] f2220  1920x1080  raw=0  tracked=0
[12:46:20] [c10] f2310  1920x1080  raw=0  tracked=0
INFO:     127.0.0.1:56463 - "GET /stream/status HTTP/1.1" 200 OK
INFO:     127.0.0.1:56465 - "GET /health HTTP/1.1" 200 OK
[12:46:20] [c11] f2160  1920x1080  raw=0  tracked=0
[12:46:21] [c12] f2250  1920x1080  raw=0  tracked=0
[12:46:21] [c9] f2460  1920x1080  raw=0  tracked=0
[12:46:21] [c10] f2340  1920x1080  raw=0  tracked=0
[12:46:21] [c8] f2130  1920x1080  raw=0  tracked=0
[12:46:22] [c11] f2190  1920x1080  raw=0  tracked=0
[12:46:23] [c10] f2370  1920x1080  raw=0  tracked=0
[12:46:23] [c12] f2280  1920x1080  raw=0  tracked=0
[12:46:23] [c9] f2490  1920x1080  raw=0  tracked=0
INFO:     127.0.0.1:56467 - "GET /stream/status HTTP/1.1" 200 OK
INFO:     127.0.0.1:56469 - "GET /health HTTP/1.1" 200 OK
[12:46:23] [c8] f2160  1920x1080  raw=0  tracked=0
[12:46:23] [c11] f2220  1920x1080  raw=0  tracked=0
[12:46:24] [c10] f2400  1920x1080  raw=0  tracked=0
[12:46:24] [c9] f2520  1920x1080  raw=0  tracked=0
[12:46:24] [c12] f2310  1920x1080  raw=0  tracked=0
[12:46:25] [c8] f2190  1920x1080  raw=0  tracked=0
[12:46:25] [c11] f2250  1920x1080  raw=0  tracked=0
INFO:     127.0.0.1:56471 - "GET /stream/status HTTP/1.1" 200 OK
INFO:     127.0.0.1:56473 - "GET /health HTTP/1.1" 200 OK
[12:46:26] [c9] f2550  1920x1080  raw=0  tracked=0
[12:46:26] [c12] f2340  1920x1080  raw=0  tracked=0
[12:46:26] [c10] f2430  1920x1080  raw=0  tracked=0
[12:46:27] [c11] f2280  1920x1080  raw=0  tracked=0
[12:46:27] [c8] f2220  1920x1080  raw=0  tracked=0
[12:46:28] [c9] f2580  1920x1080  raw=0  tracked=0
[12:46:28] [c12] f2370  1920x1080  raw=0  tracked=0
[12:46:28] [c10] f2460  1920x1080  raw=0  tracked=0
[12:46:29] [c11] f2310  1920x1080  raw=0  tracked=0
INFO:     127.0.0.1:56476 - "GET /stream/status HTTP/1.1" 200 OK
INFO:     127.0.0.1:56478 - "GET /health HTTP/1.1" 200 OK
[12:46:29] [c8] f2250  1920x1080  raw=0  tracked=0
[12:46:30] [c9] f2610  1920x1080  raw=0  tracked=0
[12:46:30] [c12] f2400  1920x1080  raw=0  tracked=0
[12:46:30] [c10] f2490  1920x1080  raw=0  tracked=0
[12:46:30] [c8] f2280  1920x1080  raw=0  tracked=0
[12:46:31] [c11] f2340  1920x1080  raw=0  tracked=0
[12:46:31] [c9] f2640  1920x1080  raw=0  tracked=0
[12:46:31] [c10] f2520  1920x1080  raw=0  tracked=0
[12:46:31] [c12] f2430  1920x1080  raw=0  tracked=0
[12:46:32] [c8] f2310  1920x1080  raw=0  tracked=0
INFO:     127.0.0.1:56481 - "GET /stream/status HTTP/1.1" 200 OK
INFO:     127.0.0.1:56483 - "GET /health HTTP/1.1" 200 OK
[12:46:32] [c11] f2370  1920x1080  raw=0  tracked=0
[12:46:32] [c9] f2670  1920x1080  raw=0  tracked=0
[12:46:33] [c10] f2550  1920x1080  raw=0  tracked=0
[12:46:33] [c12] f2460  1920x1080  raw=0  tracked=0
[12:46:34] [c9] f2700  1920x1080  raw=0  tracked=0
[12:46:34] [c11] f2400  1920x1080  raw=0  tracked=0
[12:46:34] [c8] f2340  1920x1080  raw=0  tracked=0
[12:46:34] [c10] f2580  1920x1080  raw=0  tracked=0
[12:46:34] [c12] f2490  1920x1080  raw=0  tracked=0
INFO:     127.0.0.1:56485 - "GET /stream/status HTTP/1.1" 200 OK
INFO:     127.0.0.1:56487 - "GET /health HTTP/1.1" 200 OK
[12:46:36] [c9] f2730  1920x1080  raw=0  tracked=0
[12:46:36] [c11] f2430  1920x1080  raw=0  tracked=0
[12:46:36] [c8] f2370  1920x1080  raw=0  tracked=0
[12:46:36] [c10] f2610  1920x1080  raw=0  tracked=0
[12:46:36] [c12] f2520  1920x1080  raw=0  tracked=0
[12:46:37] [c9] f2760  1920x1080  raw=0  tracked=0
[12:46:37] [c8] f2400  1920x1080  raw=0  tracked=0
[12:46:37] [c11] f2460  1920x1080  raw=0  tracked=0
[12:46:38] [c10] f2640  1920x1080  raw=0  tracked=0
[12:46:38] [c12] f2550  1920x1080  raw=0  tracked=0
INFO:     127.0.0.1:56489 - "GET /stream/status HTTP/1.1" 200 OK
INFO:     127.0.0.1:56491 - "GET /health HTTP/1.1" 200 OK
[12:46:39] [c9] f2790  1920x1080  raw=0  tracked=0
[12:46:39] [c8] f2430  1920x1080  raw=0  tracked=0
[12:46:39] [c11] f2490  1920x1080  raw=0  tracked=0
[12:46:39] [c10] f2670  1920x1080  raw=0  tracked=0
[12:46:40] [c12] f2580  1920x1080  raw=0  tracked=0
[12:46:40] [c9] f2820  1920x1080  raw=0  tracked=0
[12:46:40] [c11] f2520  1920x1080  raw=0  tracked=0
[12:46:41] [c8] f2460  1920x1080  raw=0  tracked=0
[12:46:41] [c10] f2700  1920x1080  raw=0  tracked=0
[12:46:41] [c12] f2610  1920x1080  raw=0  tracked=0
INFO:     127.0.0.1:56494 - "GET /stream/status HTTP/1.1" 200 OK
INFO:     127.0.0.1:56496 - "GET /health HTTP/1.1" 200 OK
[12:46:41] [c9] f2850  1920x1080  raw=0  tracked=0
[12:46:42] [c11] f2550  1920x1080  raw=0  tracked=0
[12:46:42] [c8] f2490  1920x1080  raw=0  tracked=0
[12:46:43] [c9] f2880  1920x1080  raw=0  tracked=0
[12:46:43] [c12] f2640  1920x1080  raw=0  tracked=0
[12:46:43] [c10] f2730  1920x1080  raw=0  tracked=0
[12:46:44] [c8] f2520  1920x1080  raw=0  tracked=0
[12:46:44] [c11] f2580  1920x1080  raw=0  tracked=0
[12:46:44] [c9] f2910  1920x1080  raw=0  tracked=0
INFO:     127.0.0.1:56499 - "GET /stream/status HTTP/1.1" 200 OK
INFO:     127.0.0.1:56501 - "GET /health HTTP/1.1" 200 OK
[12:46:44] [c12] f2670  1920x1080  raw=0  tracked=0
[12:46:44] [c10] f2760  1920x1080  raw=0  tracked=0
[12:46:45] [c9] f2940  1920x1080  raw=0  tracked=0
[12:46:45] [c8] f2550  1920x1080  raw=0  tracked=0
[12:46:45] [c11] f2610  1920x1080  raw=0  tracked=0
[12:46:46] [c12] f2700  1920x1080  raw=0  tracked=0
[12:46:46] [c10] f2790  1920x1080  raw=0  tracked=0
[12:46:47] [c9] f2970  1920x1080  raw=0  tracked=0
[12:46:47] [c8] f2580  1920x1080  raw=0  tracked=0
[12:46:47] [c10] f2820  1920x1080  raw=0  tracked=0
[12:46:47] [c12] f2730  1920x1080  raw=0  tracked=0
[12:46:47] [c11] f2640  1920x1080  raw=0  tracked=0
INFO:     127.0.0.1:56503 - "GET /stream/status HTTP/1.1" 200 OK
INFO:     127.0.0.1:56505 - "GET /health HTTP/1.1" 200 OK
[12:46:48] [c9] f3000  1920x1080  raw=0  tracked=0
[12:46:48] [c10] f2850  1920x1080  raw=0  tracked=0
[12:46:48] [c12] f2760  1920x1080  raw=0  tracked=0
[12:46:48] [c8] f2610  1920x1080  raw=0  tracked=0
[12:46:49] [c11] f2670  1920x1080  raw=0  tracked=0
[12:46:49] [c9] f3030  1920x1080  raw=0  tracked=0
[12:46:50] [c10] f2880  1920x1080  raw=0  tracked=0
[12:46:50] [c12] f2790  1920x1080  raw=0  tracked=0
[12:46:50] [c8] f2640  1920x1080  raw=0  tracked=0
[12:46:50] [c11] f2700  1920x1080  raw=0  tracked=0
INFO:     127.0.0.1:56508 - "GET /stream/status HTTP/1.1" 200 OK
INFO:     127.0.0.1:56510 - "GET /health HTTP/1.1" 200 OK
[12:46:51] [c9] f3060  1920x1080  raw=0  tracked=0
[12:46:51] [c10] f2910  1920x1080  raw=0  tracked=0
[12:46:51] [c8] f2670  1920x1080  raw=0  tracked=0
[12:46:51] [c12] f2820  1920x1080  raw=0  tracked=0
[12:46:52] [c11] f2730  1920x1080  raw=0  tracked=0
[12:46:52] [c9] f3090  1920x1080  raw=0  tracked=0
[12:46:52] [c10] f2940  1920x1080  raw=0  tracked=0
[12:46:53] [c8] f2700  1920x1080  raw=0  tracked=0
[12:46:53] [c12] f2850  1920x1080  raw=0  tracked=0
INFO:     127.0.0.1:56512 - "GET /stream/status HTTP/1.1" 200 OK
INFO:     127.0.0.1:56514 - "GET /health HTTP/1.1" 200 OK
[12:46:53] [c9] f3120  1920x1080  raw=0  tracked=0
[12:46:53] [c11] f2760  1920x1080  raw=0  tracked=0
[12:46:54] [c10] f2970  1920x1080  raw=0  tracked=0
[12:46:54] [c12] f2880  1920x1080  raw=0  tracked=0
[12:46:54] [c8] f2730  1920x1080  raw=0  tracked=0
[12:46:54] [c9] f3150  1920x1080  raw=0  tracked=0
[12:46:55] [c11] f2790  1920x1080  raw=0  tracked=0
[12:46:55] [c10] f3000  1920x1080  raw=0  tracked=0
[12:46:56] [c12] f2910  1920x1080  raw=0  tracked=0
[12:46:56] [c8] f2760  1920x1080  raw=0  tracked=0
[12:46:56] [c9] f3180  1920x1080  raw=0  tracked=0
INFO:     127.0.0.1:56518 - "GET /stream/status HTTP/1.1" 200 OK
INFO:     127.0.0.1:56520 - "GET /health HTTP/1.1" 200 OK
[12:46:56] [c11] f2820  1920x1080  raw=0  tracked=0
[12:46:57] [c10] f3030  1920x1080  raw=0  tracked=0
[12:46:57] [c9] f3210  1920x1080  raw=0  tracked=0
[12:46:57] [c8] f2790  1920x1080  raw=0  tracked=0
[12:46:57] [c12] f2940  1920x1080  raw=0  tracked=0
[12:46:58] [c11] f2850  1920x1080  raw=0  tracked=0
[12:46:58] [c10] f3060  1920x1080  raw=0  tracked=0
[12:46:58] [c9] f3240  1920x1080  raw=0  tracked=0
[12:46:59] [c8] f2820  1920x1080  raw=0  tracked=0
[12:46:59] [c12] f2970  1920x1080  raw=0  tracked=0
INFO:     127.0.0.1:56524 - "GET /stream/status HTTP/1.1" 200 OK
INFO:     127.0.0.1:56526 - "GET /health HTTP/1.1" 200 OK
[12:46:59] [c10] f3090  1920x1080  raw=0  tracked=0
[12:46:59] [c11] f2880  1920x1080  raw=0  tracked=0
[12:47:00] [c9] f3270  1920x1080  raw=0  tracked=0
[12:47:00] [c12] f3000  1920x1080  raw=0  tracked=0
[12:47:00] [c8] f2850  1920x1080  raw=0  tracked=0
[12:47:01] [c10] f3120  1920x1080  raw=0  tracked=0
[12:47:01] [c9] f3300  1920x1080  raw=0  tracked=0
[12:47:02] [c11] f2910  1920x1080  raw=0  tracked=0
[12:47:02] [c12] f3030  1920x1080  raw=0  tracked=0
[12:47:02] [c8] f2880  1920x1080  raw=0  tracked=0
[12:47:02] [c10] f3150  1920x1080  raw=0  tracked=0
INFO:     127.0.0.1:56528 - "GET /stream/status HTTP/1.1" 200 OK
INFO:     127.0.0.1:56530 - "GET /health HTTP/1.1" 200 OK
[12:47:03] [c9] f3330  1920x1080  raw=0  tracked=0
[12:47:03] [c11] f2940  1920x1080  raw=0  tracked=0
[12:47:03] [c12] f3060  1920x1080  raw=0  tracked=0
[12:47:03] [c8] f2910  1920x1080  raw=0  tracked=0
[12:47:03] [c10] f3180  1920x1080  raw=0  tracked=0
[12:47:04] [c9] f3360  1920x1080  raw=0  tracked=0
[12:47:05] [c12] f3090  1920x1080  raw=0  tracked=0
[12:47:05] [c11] f2970  1920x1080  raw=0  tracked=0
[12:47:05] [c10] f3210  1920x1080  raw=0  tracked=0
[12:47:05] [c8] f2940  1920x1080  raw=0  tracked=0
[12:47:05] [c9] f3390  1920x1080  raw=0  tracked=0
INFO:     127.0.0.1:56532 - "GET /stream/status HTTP/1.1" 200 OK
INFO:     127.0.0.1:56534 - "GET /health HTTP/1.1" 200 OK
[12:47:06] [c12] f3120  1920x1080  raw=0  tracked=0
[12:47:07] [c9] f3420  1920x1080  raw=0  tracked=0
[12:47:07] [c11] f3000  1920x1080  raw=0  tracked=0
[12:47:07] [c10] f3240  1920x1080  raw=0  tracked=0
[12:47:07] [c8] f2970  1920x1080  raw=0  tracked=0
[12:47:08] [c9] f3450  1920x1080  raw=0  tracked=0
[12:47:08] [c12] f3150  1920x1080  raw=0  tracked=0
INFO:     127.0.0.1:56545 - "GET /stream/status HTTP/1.1" 200 OK
INFO:     127.0.0.1:56547 - "GET /health HTTP/1.1" 200 OK
[12:47:08] [c11] f3030  1920x1080  raw=0  tracked=0
[12:47:09] [c10] f3270  1920x1080  raw=0  tracked=0
[12:47:09] [c8] f3000  1920x1080  raw=0  tracked=0
[12:47:10] [c9] f3480  1920x1080  raw=0  tracked=0
[12:47:10] [c12] f3180  1920x1080  raw=0  tracked=0
[12:47:10] [c11] f3060  1920x1080  raw=0  tracked=0
[12:47:10] [c10] f3300  1920x1080  raw=0  tracked=0
[12:47:11] [c8] f3030  1920x1080  raw=0  tracked=0
[12:47:11] [c9] f3510  1920x1080  raw=0  tracked=0
INFO:     127.0.0.1:56550 - "GET /stream/status HTTP/1.1" 200 OK
INFO:     127.0.0.1:56552 - "GET /health HTTP/1.1" 200 OK
[12:47:12] [c11] f3090  1920x1080  raw=0  tracked=0
[12:47:12] [c12] f3210  1920x1080  raw=0  tracked=0
[12:47:12] [c10] f3330  1920x1080  raw=0  tracked=0
[12:47:12] [c9] f3540  1920x1080  raw=0  tracked=0
[12:47:13] [c8] f3060  1920x1080  raw=0  tracked=0
[12:47:13] [c11] f3120  1920x1080  raw=0  tracked=0
[12:47:13] [c9] f3570  1920x1080  raw=0  tracked=0
[12:47:14] [c10] f3360  1920x1080  raw=0  tracked=0
[12:47:14] [c12] f3240  1920x1080  raw=0  tracked=0
INFO:     127.0.0.1:56554 - "GET /stream/status HTTP/1.1" 200 OK
INFO:     127.0.0.1:56556 - "GET /health HTTP/1.1" 200 OK
[12:47:14] [c8] f3090  1920x1080  raw=0  tracked=0
[12:47:15] [c11] f3150  1920x1080  raw=0  tracked=0
[12:47:15] [c9] f3600  1920x1080  raw=0  tracked=0
[12:47:15] [c10] f3390  1920x1080  raw=0  tracked=0
[12:47:15] [c12] f3270  1920x1080  raw=0  tracked=0
[12:47:16] [c9] f3630  1920x1080  raw=0  tracked=0
[12:47:16] [c11] f3180  1920x1080  raw=0  tracked=0
[12:47:16] [c8] f3120  1920x1080  raw=0  tracked=0
[12:47:16] [c10] f3420  1920x1080  raw=0  tracked=0
[12:47:17] [c12] f3300  1920x1080  raw=0  tracked=0
INFO:     127.0.0.1:56559 - "GET /stream/status HTTP/1.1" 200 OK
INFO:     127.0.0.1:56561 - "GET /health HTTP/1.1" 200 OK
[12:47:18] [c9] f3660  1920x1080  raw=0  tracked=0
[12:47:18] [c11] f3210  1920x1080  raw=0  tracked=0
[12:47:18] [c10] f3450  1920x1080  raw=0  tracked=0
[12:47:18] [c12] f3330  1920x1080  raw=0  tracked=0
[12:47:18] [c8] f3150  1920x1080  raw=0  tracked=0
[12:47:19] [c9] f3690  1920x1080  raw=0  tracked=0
[12:47:19] [c10] f3480  1920x1080  raw=0  tracked=0
[12:47:19] [c11] f3240  1920x1080  raw=0  tracked=0
[12:47:20] [c12] f3360  1920x1080  raw=0  tracked=0
[12:47:20] [c8] f3180  1920x1080  raw=0  tracked=0
INFO:     127.0.0.1:56565 - "GET /stream/status HTTP/1.1" 200 OK
INFO:     127.0.0.1:56567 - "GET /health HTTP/1.1" 200 OK
[12:47:20] [c9] f3720  1920x1080  raw=0  tracked=0
[12:47:21] [c10] f3510  1920x1080  raw=0  tracked=0
[12:47:21] [c11] f3270  1920x1080  raw=0  tracked=0
[12:47:21] [c12] f3390  1920x1080  raw=0  tracked=0
[12:47:21] [c8] f3210  1920x1080  raw=0  tracked=0
[12:47:22] [c9] f3750  1920x1080  raw=0  tracked=0
[12:47:22] [c10] f3540  1920x1080  raw=0  tracked=0
[12:47:23] [c11] f3300  1920x1080  raw=0  tracked=0
[12:47:23] [c12] f3420  1920x1080  raw=0  tracked=0
[12:47:23] [c8] f3240  1920x1080  raw=0  tracked=0
[12:47:23] [c9] f3780  1920x1080  raw=0  tracked=0
INFO:     127.0.0.1:56569 - "GET /stream/status HTTP/1.1" 200 OK
INFO:     127.0.0.1:56571 - "GET /health HTTP/1.1" 200 OK
[12:47:23] [c10] f3570  1920x1080  raw=0  tracked=0
[12:47:24] [c12] f3450  1920x1080  raw=0  tracked=0
[12:47:24] [c11] f3330  1920x1080  raw=0  tracked=0
[12:47:24] [c9] f3810  1920x1080  raw=0  tracked=0
[12:47:25] [c8] f3270  1920x1080  raw=0  tracked=0
[12:47:25] [c10] f3600  1920x1080  raw=0  tracked=0
[12:47:26] [c12] f3480  1920x1080  raw=0  tracked=0
[12:47:26] [c9] f3840  1920x1080  raw=0  tracked=0
[12:47:26] [c11] f3360  1920x1080  raw=0  tracked=0
[12:47:26] [c8] f3300  1920x1080  raw=0  tracked=0
INFO:     127.0.0.1:56573 - "GET /stream/status HTTP/1.1" 200 OK
INFO:     127.0.0.1:56575 - "GET /health HTTP/1.1" 200 OK
[12:47:27] [c10] f3630  1920x1080  raw=0  tracked=0
[12:47:27] [c12] f3510  1920x1080  raw=0  tracked=0
[12:47:27] [c11] f3390  1920x1080  raw=0  tracked=0
[12:47:27] [c9] f3870  1920x1080  raw=0  tracked=0
[12:47:28] [c8] f3330  1920x1080  raw=0  tracked=0
[12:47:28] [c10] f3660  1920x1080  raw=0  tracked=0
[12:47:28] [c12] f3540  1920x1080  raw=0  tracked=0
[12:47:29] [c9] f3900  1920x1080  raw=0  tracked=0
[12:47:29] [c11] f3420  1920x1080  raw=0  tracked=0
[12:47:29] [c8] f3360  1920x1080  raw=0  tracked=0
INFO:     127.0.0.1:56578 - "GET /stream/status HTTP/1.1" 200 OK
INFO:     127.0.0.1:56580 - "GET /health HTTP/1.1" 200 OK
[12:47:30] [c10] f3690  1920x1080  raw=0  tracked=0
[12:47:30] [c12] f3570  1920x1080  raw=0  tracked=0
[12:47:30] [c9] f3930  1920x1080  raw=0  tracked=0
[12:47:30] [c11] f3450  1920x1080  raw=0  tracked=0
[12:47:31] [c8] f3390  1920x1080  raw=0  tracked=0
[12:47:31] [c10] f3720  1920x1080  raw=0  tracked=0
[12:47:31] [c9] f3960  1920x1080  raw=0  tracked=0
[12:47:31] [c12] f3600  1920x1080  raw=0  tracked=0
[12:47:31] [c11] f3480  1920x1080  raw=0  tracked=0
[12:47:32] [c10] f3750  1920x1080  raw=0  tracked=0
INFO:     127.0.0.1:56582 - "GET /stream/status HTTP/1.1" 200 OK
INFO:     127.0.0.1:56584 - "GET /health HTTP/1.1" 200 OK
[12:47:32] [c8] f3420  1920x1080  raw=0  tracked=0
[12:47:33] [c9] f3990  1920x1080  raw=0  tracked=0
[12:47:33] [c12] f3630  1920x1080  raw=0  tracked=0
[12:47:33] [c11] f3510  1920x1080  raw=0  tracked=0
[12:47:34] [c10] f3780  1920x1080  raw=0  tracked=0
[12:47:34] [c8] f3450  1920x1080  raw=0  tracked=0
[12:47:34] [c9] f4020  1920x1080  raw=0  tracked=0
[12:47:34] [c12] f3660  1920x1080  raw=0  tracked=0
[12:47:34] [c11] f3540  1920x1080  raw=0  tracked=0
[12:47:35] [c10] f3810  1920x1080  raw=0  tracked=0
[12:47:35] [c9] f4050  1920x1080  raw=0  tracked=0
INFO:     127.0.0.1:56586 - "GET /stream/status HTTP/1.1" 200 OK
INFO:     127.0.0.1:56588 - "GET /health HTTP/1.1" 200 OK
[12:47:35] [c8] f3480  1920x1080  raw=0  tracked=0
[12:47:36] [c12] f3690  1920x1080  raw=0  tracked=0
[12:47:36] [c11] f3570  1920x1080  raw=0  tracked=0
[12:47:36] [c10] f3840  1920x1080  raw=0  tracked=0
[12:47:36] [c9] f4080  1920x1080  raw=0  tracked=0
[12:47:37] [c8] f3510  1920x1080  raw=0  tracked=0
[12:47:37] [c12] f3720  1920x1080  raw=0  tracked=0
[12:47:37] [c11] f3600  1920x1080  raw=0  tracked=0
[12:47:38] [c10] f3870  1920x1080  raw=0  tracked=0
[12:47:38] [c9] f4110  1920x1080  raw=0  tracked=0
INFO:     127.0.0.1:56590 - "GET /stream/status HTTP/1.1" 200 OK
INFO:     127.0.0.1:56592 - "GET /health HTTP/1.1" 200 OK
[12:47:38] [c8] f3540  1920x1080  raw=0  tracked=0
[12:47:39] [c12] f3750  1920x1080  raw=0  tracked=0
[12:47:39] [c11] f3630  1920x1080  raw=0  tracked=0
[12:47:39] [c10] f3900  1920x1080  raw=0  tracked=0
[12:47:39] [c9] f4140  1920x1080  raw=0  tracked=0
[12:47:40] [c8] f3570  1920x1080  raw=0  tracked=0
[12:47:40] [c12] f3780  1920x1080  raw=0  tracked=0
[12:47:40] [c11] f3660  1920x1080  raw=0  tracked=0
[12:47:40] [c10] f3930  1920x1080  raw=0  tracked=0
[12:47:41] [c9] f4170  1920x1080  raw=0  tracked=0
[12:47:41] [c8] f3600  1920x1080  raw=0  tracked=0
INFO:     127.0.0.1:56596 - "GET /stream/status HTTP/1.1" 200 OK
INFO:     127.0.0.1:56598 - "GET /health HTTP/1.1" 200 OK
[12:47:41] [c12] f3810  1920x1080  raw=0  tracked=0
[12:47:41] [c11] f3690  1920x1080  raw=0  tracked=0
[12:47:42] [c10] f3960  1920x1080  raw=0  tracked=0
[12:47:42] [c9] f4200  1920x1080  raw=0  tracked=0
[12:47:43] [c12] f3840  1920x1080  raw=0  tracked=0
[12:47:43] [c8] f3630  1920x1080  raw=0  tracked=0
[12:47:43] [c11] f3720  1920x1080  raw=0  tracked=0
[12:47:43] [c10] f3990  1920x1080  raw=0  tracked=0
[12:47:44] [c9] f4230  1920x1080  raw=0  tracked=0
[12:47:44] [c12] f3870  1920x1080  raw=0  tracked=0
[12:47:44] [c8] f3660  1920x1080  raw=0  tracked=0
INFO:     127.0.0.1:56601 - "GET /stream/status HTTP/1.1" 200 OK
INFO:     127.0.0.1:56603 - "GET /health HTTP/1.1" 200 OK
[12:47:44] [c10] f4020  1920x1080  raw=0  tracked=0
[12:47:44] [c11] f3750  1920x1080  raw=0  tracked=0
[12:47:45] [c9] f4260  1920x1080  raw=0  tracked=0
[12:47:46] [c8] f3690  1920x1080  raw=0  tracked=0
[12:47:46] [c12] f3900  1920x1080  raw=0  tracked=0
[12:47:46] [c10] f4050  1920x1080  raw=0  tracked=0
[12:47:46] [c11] f3780  1920x1080  raw=0  tracked=0
[12:47:46] [c9] f4290  1920x1080  raw=0  tracked=0
[12:47:47] [c12] f3930  1920x1080  raw=0  tracked=0
[12:47:47] [c8] f3720  1920x1080  raw=0  tracked=0
[12:47:47] [c10] f4080  1920x1080  raw=0  tracked=0
INFO:     127.0.0.1:56610 - "GET /stream/status HTTP/1.1" 200 OK
INFO:     127.0.0.1:56612 - "GET /health HTTP/1.1" 200 OK
[12:47:48] [c9] f4320  1920x1080  raw=0  tracked=0
[12:47:48] [c11] f3810  1920x1080  raw=0  tracked=0
[12:47:49] [c8] f3750  1920x1080  raw=0  tracked=0
[12:47:49] [c10] f4110  1920x1080  raw=0  tracked=0
[12:47:49] [c12] f3960  1920x1080  raw=0  tracked=0
[12:47:49] [c9] f4350  1920x1080  raw=0  tracked=0
[12:47:49] [c11] f3840  1920x1080  raw=0  tracked=0
[12:47:50] [c10] f4140  1920x1080  raw=0  tracked=0
INFO:     127.0.0.1:56614 - "GET /stream/status HTTP/1.1" 200 OK
INFO:     127.0.0.1:56616 - "GET /health HTTP/1.1" 200 OK
[12:47:50] [c8] f3780  1920x1080  raw=0  tracked=0
[12:47:50] [c12] f3990  1920x1080  raw=0  tracked=0
[12:47:50] [c9] f4380  1920x1080  raw=0  tracked=0
[12:47:51] [c11] f3870  1920x1080  raw=0  tracked=0
[12:47:51] [c10] f4170  1920x1080  raw=0  tracked=0
[12:47:52] [c12] f4020  1920x1080  raw=0  tracked=0
[12:47:52] [c9] f4410  1920x1080  raw=0  tracked=0
[12:47:52] [c11] f3900  1920x1080  raw=0  tracked=0
[12:47:52] [c8] f3810  1920x1080  raw=0  tracked=0
[12:47:53] [c10] f4200  1920x1080  raw=0  tracked=0
[12:47:53] [c12] f4050  1920x1080  raw=0  tracked=0
[12:47:53] [c9] f4440  1920x1080  raw=0  tracked=0
INFO:     127.0.0.1:56623 - "GET /stream/status HTTP/1.1" 200 OK
INFO:     127.0.0.1:56625 - "GET /health HTTP/1.1" 200 OK
[12:47:54] [c8] f3840  1920x1080  raw=0  tracked=0
[12:47:54] [c11] f3930  1920x1080  raw=0  tracked=0
[12:47:55] [c10] f4230  1920x1080  raw=0  tracked=0
[12:47:55] [c12] f4080  1920x1080  raw=0  tracked=0
[12:47:55] [c9] f4470  1920x1080  raw=0  tracked=0
[12:47:55] [c8] f3870  1920x1080  raw=0  tracked=0
[12:47:56] [c11] f3960  1920x1080  raw=0  tracked=0
[12:47:56] [c12] f4110  1920x1080  raw=0  tracked=0
[12:47:56] [c10] f4260  1920x1080  raw=0  tracked=0
INFO:     127.0.0.1:56634 - "GET /stream/status HTTP/1.1" 200 OK
INFO:     127.0.0.1:56636 - "GET /health HTTP/1.1" 200 OK
[12:47:56] [c9] f4500  1920x1080  raw=0  tracked=0
[12:47:57] [c11] f3990  1920x1080  raw=0  tracked=0
[12:47:57] [c8] f3900  1920x1080  raw=0  tracked=0
[12:47:57] [c10] f4290  1920x1080  raw=0  tracked=0
[12:47:58] [c12] f4140  1920x1080  raw=0  tracked=0
[12:47:58] [c9] f4530  1920x1080  raw=0  tracked=0
[12:47:58] [c8] f3930  1920x1080  raw=0  tracked=0
[12:47:59] [c11] f4020  1920x1080  raw=0  tracked=0
[12:47:59] [c10] f4320  1920x1080  raw=0  tracked=0
[12:47:59] [c12] f4170  1920x1080  raw=0  tracked=0
[12:47:59] [c9] f4560  1920x1080  raw=0  tracked=0
INFO:     127.0.0.1:56641 - "GET /stream/status HTTP/1.1" 200 OK
INFO:     127.0.0.1:56643 - "GET /health HTTP/1.1" 200 OK
[12:48:00] [c8] f3960  1920x1080  raw=0  tracked=0
[12:48:00] [c11] f4050  1920x1080  raw=0  tracked=0
[12:48:00] [c10] f4350  1920x1080  raw=0  tracked=0
[12:48:00] [c12] f4200  1920x1080  raw=0  tracked=0
[12:48:01] [c9] f4590  1920x1080  raw=0  tracked=0
[12:48:01] [c8] f3990  1920x1080  raw=0  tracked=0
[12:48:01] [c11] f4080  1920x1080  raw=0  tracked=0
[12:48:02] [c10] f4380  1920x1080  raw=0  tracked=0
[12:48:02] [c12] f4230  1920x1080  raw=0  tracked=0
[12:48:02] [c9] f4620  1920x1080  raw=0  tracked=0
INFO:     127.0.0.1:56648 - "GET /stream/status HTTP/1.1" 200 OK
INFO:     127.0.0.1:56650 - "GET /health HTTP/1.1" 200 OK
[12:48:03] [c8] f4020  1920x1080  raw=0  tracked=0
[12:48:03] [c11] f4110  1920x1080  raw=0  tracked=0
[12:48:03] [c9] f4650  1920x1080  raw=0  tracked=0
[12:48:03] [c10] f4410  1920x1080  raw=0  tracked=0
[12:48:03] [c12] f4260  1920x1080  raw=0  tracked=0
[12:48:04] [c8] f4050  1920x1080  raw=0  tracked=0
[12:48:05] [c11] f4140  1920x1080  raw=0  tracked=0
[12:48:05] [c9] f4680  1920x1080  raw=0  tracked=0
[12:48:05] [c10] f4440  1920x1080  raw=0  tracked=0
[12:48:05] [c12] f4290  1920x1080  raw=0  tracked=0
INFO:     127.0.0.1:56653 - "GET /stream/status HTTP/1.1" 200 OK
INFO:     127.0.0.1:56655 - "GET /health HTTP/1.1" 200 OK
[12:48:06] [c8] f4080  1920x1080  raw=0  tracked=0
[12:48:06] [c9] f4710  1920x1080  raw=0  tracked=0
[12:48:06] [c10] f4470  1920x1080  raw=0  tracked=0
[12:48:06] [c11] f4170  1920x1080  raw=0  tracked=0
[12:48:07] [c12] f4320  1920x1080  raw=0  tracked=0
[12:48:07] [c8] f4110  1920x1080  raw=0  tracked=0
[12:48:07] [c9] f4740  1920x1080  raw=0  tracked=0
[12:48:08] [c11] f4200  1920x1080  raw=0  tracked=0
[12:48:08] [c10] f4500  1920x1080  raw=0  tracked=0
[12:48:08] [c12] f4350  1920x1080  raw=0  tracked=0
INFO:     127.0.0.1:56659 - "GET /stream/status HTTP/1.1" 200 OK
INFO:     127.0.0.1:56661 - "GET /health HTTP/1.1" 200 OK
[12:48:08] [c8] f4140  1920x1080  raw=0  tracked=0
[12:48:09] [c9] f4770  1920x1080  raw=0  tracked=0
[12:48:09] [c10] f4530  1920x1080  raw=1  tracked=1  [t14(?)]
[12:48:09] [c11] f4230  1920x1080  raw=0  tracked=0
[12:48:10] [c12] f4380  1920x1080  raw=0  tracked=0
[12:48:10] [c9] f4800  1920x1080  raw=0  tracked=0
[12:48:10] [reid] 12:48:10.660 c10/t7 tracklet ditutup (6 det, 2 sample) → NEW 'Unknown #4'  (score=0.465 < thr=0.66 (atau gallery kosong))
[12:48:10] [c8] f4170  1920x1080  raw=0  tracked=0
[12:48:11] [c10] f4560  1920x1080  raw=0  tracked=0
[12:48:11] [c11] f4260  1920x1080  raw=0  tracked=0
INFO:     127.0.0.1:56666 - "GET /stream/status HTTP/1.1" 200 OK
INFO:     127.0.0.1:56668 - "GET /health HTTP/1.1" 200 OK
[12:48:12] [c12] f4410  1920x1080  raw=0  tracked=0
[12:48:12] [c9] f4830  1920x1080  raw=0  tracked=0
[12:48:12] [c8] f4200  1920x1080  raw=0  tracked=0
[12:48:12] [c11] f4290  1920x1080  raw=0  tracked=0
[12:48:12] [c10] f4590  1920x1080  raw=0  tracked=0
[12:48:13] [reid] 12:48:13.155 c10/t14 tracklet ditutup (6 det, 5 sample) → NEW 'Unknown #5'  (score=0.642 < thr=0.66 (atau gallery kosong))
[12:48:13] [c12] f4440  1920x1080  raw=0  tracked=0
[12:48:13] [c9] f4860  1920x1080  raw=0  tracked=0
[12:48:13] [c8] f4230  1920x1080  raw=0  tracked=0
[12:48:14] [c11] f4320  1920x1080  raw=0  tracked=0
[12:48:14] [c10] f4620  1920x1080  raw=0  tracked=0
INFO:     127.0.0.1:56671 - "GET /stream/status HTTP/1.1" 200 OK
INFO:     127.0.0.1:56673 - "GET /health HTTP/1.1" 200 OK
[12:48:14] [c9] f4890  1920x1080  raw=0  tracked=0
[12:48:15] [c12] f4470  1920x1080  raw=0  tracked=0
[12:48:15] [c11] f4350  1920x1080  raw=0  tracked=0
[12:48:15] [c8] f4260  1920x1080  raw=0  tracked=0
[12:48:15] [c10] f4650  1920x1080  raw=0  tracked=0
[12:48:16] [c12] f4500  1920x1080  raw=0  tracked=0
[12:48:16] [c9] f4920  1920x1080  raw=0  tracked=0
[12:48:16] [c10] f4680  1920x1080  raw=0  tracked=0
[12:48:17] [c11] f4380  1920x1080  raw=0  tracked=0
[12:48:17] [c8] f4290  1920x1080  raw=0  tracked=0
[12:48:17] [c9] f4950  1920x1080  raw=0  tracked=0
INFO:     127.0.0.1:56680 - "GET /stream/status HTTP/1.1" 200 OK
INFO:     127.0.0.1:56682 - "GET /health HTTP/1.1" 200 OK
INFO:     Shutting down
INFO:     Waiting for application shutdown.
INFO:     Application shutdown complete.
INFO:     Finished server process [39611]
