Resume: 10 kombinasi udah 'Selesai' sebelumnya, di-skip: [1, 3, 4, 6, 7, 9, 10, 12, 13, 15]

======================================================================
[11/18] #16: YOLO11n + OC-SORT + OSNet
======================================================================
  -> {'cakupan': '239/336', 'false_merge': '4', 'false_split': '9', 'precision': '0.759', 'recall': '0.825', 'f1': '0.791', 'fps': '7.75', 'cpu_peak': '17%', 'ram_peak': '59%'}

======================================================================
[12/18] #18: YOLO11n + OC-SORT + BoT (ResNet50)
======================================================================
  -> {'cakupan': '239/336', 'false_merge': '1', 'false_split': '0', 'precision': '0.092', 'recall': '1.000', 'f1': '0.169', 'fps': '7.81', 'cpu_peak': '14%', 'ram_peak': '59%'}

======================================================================
[13/18] #19: RTDETRv2-s + ByteTrack + OSNet
======================================================================
  -> {'cakupan': '295/336', 'false_merge': '2', 'false_split': '5', 'precision': '0.736', 'recall': '0.872', 'f1': '0.798', 'fps': '7.82', 'cpu_peak': '10%', 'ram_peak': '70%'}

======================================================================
[14/18] #21: RTDETRv2-s + ByteTrack + BoT (ResNet50)
======================================================================
  -> {'cakupan': '295/336', 'false_merge': '1', 'false_split': '0', 'precision': '0.089', 'recall': '1.000', 'f1': '0.164', 'fps': '7.80', 'cpu_peak': '12%', 'ram_peak': '72%'}

======================================================================
[15/18] #22: RTDETRv2-s + BoT-SORT + OSNet
======================================================================
  -> {'cakupan': '296/336', 'false_merge': '3', 'false_split': '6', 'precision': '0.686', 'recall': '0.825', 'f1': '0.749', 'fps': '7.80', 'cpu_peak': '31%', 'ram_peak': '70%'}

======================================================================
[16/18] #24: RTDETRv2-s + BoT-SORT + BoT (ResNet50)
======================================================================
  -> {'cakupan': '296/336', 'false_merge': '1', 'false_split': '0', 'precision': '0.090', 'recall': '1.000', 'f1': '0.164', 'fps': '7.79', 'cpu_peak': '10%', 'ram_peak': '76%'}

======================================================================
[17/18] #25: RTDETRv2-s + OC-SORT + OSNet
======================================================================
  -> {'cakupan': '288/336', 'false_merge': '4', 'false_split': '8', 'precision': '0.749', 'recall': '0.790', 'f1': '0.769', 'fps': '7.79', 'cpu_peak': '11%', 'ram_peak': '73%'}

======================================================================
[18/18] #27: RTDETRv2-s + OC-SORT + BoT (ResNet50)
======================================================================
  -> {'cakupan': '288/336', 'false_merge': '1', 'false_split': '0', 'precision': '0.090', 'recall': '1.000', 'f1': '0.165', 'fps': '7.78', 'cpu_peak': '11%', 'ram_peak': '76%'}

Semua kombinasi selesai. Hasil ditulis ke pipeline-comparison.md
